[2026.09.27-16.31.42:005][  4]LogPython: VRMREPRO import result {"source": "Seed-san.vrm", "status": "ok", "skeletal_mesh": "/Game/ImportCheck/SK_Seed-san.SK_Seed-san", "post_process_anim_blueprint": "/Game/ImportCheck/ABP_Post_Seed-san.ABP_Post_Seed-san_C", "morph_targets": 43}
[2026.09.27-16.31.43:026][  5]LogOutputDevice: Error: Ensure condition failed: Internal::EditorModeToolsSingleton.IsValid()  [File:./Editor/UnrealEd/Private/UnrealEdGlobals.cpp] [Line: 196] 
[2026.09.27-16.31.44:245][  5]LogMac: Error: appError called: Fatal error: [File:./Runtime/CoreUObject/Private/UObject/UObjectGlobals.cpp] [Line: 3302] 
[2026.09.27-16.31.44:292][  5]LogMac: === Critical error: ===
---- crash context ----
[2026.09.27-16.31.44:245][  5]LogMac: Error: appError called: Fatal error: [File:./Runtime/CoreUObject/Private/UObject/UObjectGlobals.cpp] [Line: 3302] 
Object is not packaged: ModeManagerInteractiveToolsContext None



[2026.09.27-16.31.44:292][  5]LogMac: === Critical error: ===
SIGSEGV: invalid attempt to access memory at address 0x3

[2026.09.27-16.31.44:292][  5]LogMac: 0x06da3894 libUnrealEditor-CoreUObject.dylib!StaticAllocateObjectErrorTests(UClass const*, UObject*, FName, EObjectFlags)   [UnknownFile]) 
0x06da40d4 libUnrealEditor-CoreUObject.dylib!StaticAllocateObject(UClass const*, UObject*, FName, EObjectFlags, EInternalObjectFlags, bool, bool*, UPackage*, int, FRemoteObjectId, FGCReconstructionGuard*)   [UnknownFile]) 
0x06da2e44 libUnrealEditor-CoreUObject.dylib!StaticConstructObject_Internal(FStaticConstructObjectParameters const&)   [UnknownFile]) 
0x12f22bc4 libUnrealEditor-UnrealEd.dylib!UModeManagerInteractiveToolsContext* NewObject<UModeManagerInteractiveToolsContext>(UObject*, UClass const*, FName, EObjectFlags, UObject*, bool, FObjectInstancingGraph*, UPackage*)   [UnknownFile]) 
0x12f22670 libUnrealEditor-UnrealEd.dylib!FEditorModeTools::FEditorModeTools()   [UnknownFile]) 
0x13a9adf4 libUnrealEditor-UnrealEd.dylib!Internal::FLevelEditorModeTools::FLevelEditorModeTools()   [UnknownFile]) 
0x13a2c4d0 libUnrealEditor-UnrealEd.dylib!TSharedRef<Internal::FLevelEditorModeTools, (ESPMode)1> MakeShared<Internal::FLevelEditorModeTools, (ESPMode)1>()   [UnknownFile]) 
0x13a299f8 libUnrealEditor-UnrealEd.dylib!GLevelEditorModeTools()   [UnknownFile]) 
0x22ccb890 libUnrealEditor-LevelEditor.dylib!SLevelEditor::~SLevelEditor()   [UnknownFile]) 
0x0ba63668 libUnrealEditor-SlateCore.dylib!SharedPointerInternals::TReferenceControllerBase<(ESPMode)1>::ReleaseSharedReferenceNoInline(SharedPointerInternals::TReferenceControllerBase<(ESPMode)1>*)   [UnknownFile]) 
0x0bb490c8 libUnrealEditor-SlateCore.dylib!FSlotBase::~FSlotBase()   [UnknownFile]) 
0x0bc5f3ec libUnrealEditor-SlateCore.dylib!SCompoundWidget::~SCompoundWidget()   [UnknownFile]) 
0x0ba63668 libUnrealEditor-SlateCore.dylib!SharedPointerInternals::TReferenceControllerBase<(ESPMode)1>::ReleaseSharedReferenceNoInline(SharedPointerInternals::TReferenceControllerBase<(ESPMode)1>*)   [UnknownFile]) 
0x0bb490c8 libUnrealEditor-SlateCore.dylib!FSlotBase::~FSlotBase()   [UnknownFile]) 
0x0bc8c728 libUnrealEditor-SlateCore.dylib!SOverlay::FOverlaySlot::~FOverlaySlot()   [UnknownFile]) 
0x0bc7d2fc libUnrealEditor-SlateCore.dylib!void DestructItems<TUniquePtr<SOverlay::FOverlaySlot, TDefaultDelete<SOverlay::FOverlaySlot>>, int>(TUniquePtr<SOverlay::FOverlaySlot, TDefaultDelete<SOverlay::FOverlaySlot>>*, int)   [UnknownFile]) 
0x0bc60370 libUnrealEditor-SlateCore.dylib!SOverlay::~SOverlay()   [UnknownFile]) 
0x0ba63668 libUnrealEditor-SlateCore.dylib!SharedPointerInternals::TReferenceControllerBase<(ESPMode)1>::ReleaseSharedReferenceNoInline(SharedPointerInternals::TReferenceControllerBase<(ESPMode)1>*)   [UnknownFile]) 
0x0bb490c8 libUnrealEditor-SlateCore.dylib!FSlotBase::~FSlotBase()   [UnknownFile]) 
0x0afce2a8 libUnrealEditor-Slate.dylib!SVerticalBox::FSlot::~FSlot()   [UnknownFile]) 
0x0bc7c3dc libUnrealEditor-SlateCore.dylib!void DestructItems<TUniquePtr<SBoxPanel::FSlot, TDefaultDelete<SBoxPanel::FSlot>>, int>(TUniquePtr<SBoxPanel::FSlot, TDefaultDelete<SBoxPanel::FSlot>>*, int)   [UnknownFile]) 
0x0bc5a5c4 libUnrealEditor-SlateCore.dylib!SBoxPanel::~SBoxPanel()   [UnknownFile]) 
0x0ba63668 libUnrealEditor-SlateCore.dylib!SharedPointerInternals::TReferenceControllerBase<(ESPMode)1>::ReleaseSharedReferenceNoInline(SharedPointerInternals::TReferenceControllerBase<(ESPMode)1>*)   [UnknownFile]) 
0x0bb490c8 libUnrealEditor-SlateCore.dylib!FSlotBase::~FSlotBase()   [UnknownFile]) 
0x0bc5f3ec libUnrealEditor-SlateCore.dylib!SCompoundWidget::~SCompoundWidget()   [UnknownFile]) 
0x0ba63668 libUnrealEditor-SlateCore.dylib!SharedPointerInternals::TReferenceControllerBase<(ESPMode)1>::ReleaseSharedReferenceNoInline(SharedPointerInternals::TReferenceControllerBase<(ESPMode)1>*)   [UnknownFile]) 
0x0bb490c8 libUnrealEditor-SlateCore.dylib!FSlotBase::~FSlotBase()   [UnknownFile]) 
0x0b28481c libUnrealEditor-Slate.dylib!SSplitter::FSlot::~FSlot()   [UnknownFile]) 
0x0aff84d4 libUnrealEditor-Slate.dylib!void DestructItems<TUniquePtr<SSplitter::FSlot, TDefaultDelete<SSplitter::FSlot>>, int>(TUniquePtr<SSplitter::FSlot, TDefaultDelete<SSplitter::FSlot>>*, int)   [UnknownFile]) 
0x0aff8468 libUnrealEditor-Slate.dylib!SharedPointerInternals::TIntrusiveReferenceController<SSplitter, (ESPMode)1>::DestroyObject()   [UnknownFile]) 
0x0ba63668 libUnrealEditor-SlateCore.dylib!SharedPointerInternals::TReferenceControllerBase<(ESPMode)1>::ReleaseSharedReferenceNoInline(SharedPointerInternals::TReferenceControllerBase<(ESPMode)1>*)   [UnknownFile]) 
0x0bb490c8 libUnrealEditor-SlateCore.dylib!FSlotBase::~FSlotBase()   [UnknownFile]) 
