[2026.09.27-17.04.40:054][ 35]LogVrmRepro: Display: VRMREPRO load begin AvatarSample_E-thinned.vrm (19792588 bytes)
[2026.09.27-17.04.40:992][ 35]LogVrmRepro: Display: VRMREPRO load end ok=1 seconds=0.938
[2026.09.27-17.04.45:112][285]LogVrmRepro: Display: VRMREPRO spring=J_Sec_L_Bust1 joints=2 restMaxAngle=0.00deg restTailOffset=0.00cm cruiseTailOffsetX=-0.00cm
[2026.09.27-17.04.45:112][285]LogVrmRepro: Display: VRMREPRO spring=J_Sec_R_Bust1 joints=2 restMaxAngle=0.00deg restTailOffset=0.00cm cruiseTailOffsetX=0.00cm
[2026.09.27-17.04.45:112][285]LogVrmRepro: Display: VRMREPRO spring=J_Sec_L_CoatSkirtBack_01 joints=2 restMaxAngle=0.00deg restTailOffset=0.00cm cruiseTailOffsetX=-0.00cm
[2026.09.27-17.04.45:112][285]LogVrmRepro: Display: VRMREPRO spring=J_Sec_L_CoatSkirtFront_01 joints=2 restMaxAngle=0.00deg restTailOffset=0.00cm cruiseTailOffsetX=0.00cm
[2026.09.27-17.04.45:112][285]LogVrmRepro: Display: VRMREPRO spring=J_Sec_L_CoatSkirtSide1_01 joints=3 restMaxAngle=0.00deg restTailOffset=0.00cm cruiseTailOffsetX=-0.00cm
[2026.09.27-17.04.45:112][285]LogVrmRepro: Display: VRMREPRO spring=J_Sec_R_CoatSkirtBack_01 joints=2 restMaxAngle=0.00deg restTailOffset=0.00cm cruiseTailOffsetX=-0.00cm
[2026.09.27-17.04.45:112][285]LogVrmRepro: Display: VRMREPRO spring=J_Sec_R_CoatSkirtFront_01 joints=2 restMaxAngle=0.00deg restTailOffset=0.00cm cruiseTailOffsetX=0.00cm
[2026.09.27-17.04.45:112][285]LogVrmRepro: Display: VRMREPRO spring=J_Sec_R_CoatSkirtSide1_01 joints=3 restMaxAngle=0.00deg restTailOffset=0.00cm cruiseTailOffsetX=-0.00cm
[2026.09.27-17.04.45:112][285]LogVrmRepro: Display: VRMREPRO spring=J_Sec_L_SkirtBack1_01 joints=3 restMaxAngle=0.00deg restTailOffset=0.00cm cruiseTailOffsetX=-1.04cm
[2026.09.27-17.04.45:112][285]LogVrmRepro: Display: VRMREPRO spring=J_Sec_L_SkirtFront1_01 joints=3 restMaxAngle=0.00deg restTailOffset=0.00cm cruiseTailOffsetX=-1.05cm
[2026.09.27-17.04.45:112][285]LogVrmRepro: Display: VRMREPRO spring=J_Sec_L_SkirtSide1_01 joints=3 restMaxAngle=0.00deg restTailOffset=0.00cm cruiseTailOffsetX=-1.02cm
[2026.09.27-17.04.45:112][285]LogVrmRepro: Display: VRMREPRO spring=J_Sec_R_SkirtBack1_01 joints=3 restMaxAngle=0.00deg restTailOffset=0.00cm cruiseTailOffsetX=-0.93cm
[2026.09.27-17.04.45:112][285]LogVrmRepro: Display: VRMREPRO spring=J_Sec_R_SkirtFront1_01 joints=3 restMaxAngle=0.00deg restTailOffset=0.00cm cruiseTailOffsetX=-0.96cm
[2026.09.27-17.04.45:112][285]LogVrmRepro: Display: VRMREPRO spring=J_Sec_R_SkirtSide1_01 joints=3 restMaxAngle=0.00deg restTailOffset=0.00cm cruiseTailOffsetX=-0.86cm
[2026.09.27-17.04.45:112][285]LogVrmRepro: Display: VRMREPRO spring=J_Sec_L_SkirtBack1_02 joints=3 restMaxAngle=0.00deg restTailOffset=0.00cm cruiseTailOffsetX=-1.04cm
[2026.09.27-17.04.45:112][285]LogVrmRepro: Display: VRMREPRO spring=J_Sec_L_SkirtFront1_02 joints=3 restMaxAngle=0.00deg restTailOffset=0.00cm cruiseTailOffsetX=-1.05cm
[2026.09.27-17.04.45:112][285]LogVrmRepro: Display: VRMREPRO spring=J_Sec_L_SkirtSide1_02 joints=3 restMaxAngle=0.00deg restTailOffset=0.00cm cruiseTailOffsetX=-1.02cm
[2026.09.27-17.04.45:112][285]LogVrmRepro: Display: VRMREPRO spring=J_Sec_R_SkirtBack1_02 joints=3 restMaxAngle=0.00deg restTailOffset=0.00cm cruiseTailOffsetX=-0.93cm
[2026.09.27-17.04.45:112][285]LogVrmRepro: Display: VRMREPRO spring=J_Sec_R_SkirtFront1_02 joints=3 restMaxAngle=0.00deg restTailOffset=0.00cm cruiseTailOffsetX=-0.96cm
[2026.09.27-17.04.45:112][285]LogVrmRepro: Display: VRMREPRO spring=J_Sec_R_SkirtSide1_02 joints=3 restMaxAngle=0.00deg restTailOffset=0.00cm cruiseTailOffsetX=-0.86cm
[2026.09.27-17.04.45:112][285]LogVrmRepro: Display: VRMREPRO spring=J_Sec_L_CoatSkirtBack_02 joints=2 restMaxAngle=0.00deg restTailOffset=0.00cm cruiseTailOffsetX=-0.00cm
[2026.09.27-17.04.45:112][285]LogVrmRepro: Display: VRMREPRO spring=J_Sec_L_CoatSkirtFront_02 joints=2 restMaxAngle=0.00deg restTailOffset=0.00cm cruiseTailOffsetX=0.00cm
[2026.09.27-17.04.45:112][285]LogVrmRepro: Display: VRMREPRO spring=J_Sec_L_CoatSkirtSide1_02 joints=3 restMaxAngle=0.00deg restTailOffset=0.00cm cruiseTailOffsetX=-0.00cm
[2026.09.27-17.04.45:112][285]LogVrmRepro: Display: VRMREPRO spring=J_Sec_R_CoatSkirtBack_02 joints=2 restMaxAngle=0.00deg restTailOffset=0.00cm cruiseTailOffsetX=-0.00cm
[2026.09.27-17.04.45:112][285]LogVrmRepro: Display: VRMREPRO spring=J_Sec_R_CoatSkirtFront_02 joints=2 restMaxAngle=0.00deg restTailOffset=0.00cm cruiseTailOffsetX=0.00cm
[2026.09.27-17.04.45:113][285]LogVrmRepro: Display: VRMREPRO spring=J_Sec_R_CoatSkirtSide1_02 joints=3 restMaxAngle=0.00deg restTailOffset=0.00cm cruiseTailOffsetX=-0.00cm
[2026.09.27-17.04.45:113][285]LogVrmRepro: Display: VRMREPRO spring=J_Sec_L_SkirtBack1_03 joints=3 restMaxAngle=0.00deg restTailOffset=0.00cm cruiseTailOffsetX=-1.04cm
[2026.09.27-17.04.45:113][285]LogVrmRepro: Display: VRMREPRO spring=J_Sec_L_SkirtFront1_03 joints=3 restMaxAngle=0.00deg restTailOffset=0.00cm cruiseTailOffsetX=-1.05cm
[2026.09.27-17.04.45:113][285]LogVrmRepro: Display: VRMREPRO spring=J_Sec_L_SkirtSide1_03 joints=3 restMaxAngle=0.00deg restTailOffset=0.00cm cruiseTailOffsetX=-1.02cm
[2026.09.27-17.04.45:113][285]LogVrmRepro: Display: VRMREPRO spring=J_Sec_R_SkirtBack1_03 joints=3 restMaxAngle=0.00deg restTailOffset=0.00cm cruiseTailOffsetX=-0.93cm
[2026.09.27-17.04.45:113][285]LogVrmRepro: Display: VRMREPRO spring=J_Sec_R_SkirtFront1_03 joints=3 restMaxAngle=0.00deg restTailOffset=0.00cm cruiseTailOffsetX=-0.96cm
[2026.09.27-17.04.45:113][285]LogVrmRepro: Display: VRMREPRO spring=J_Sec_R_SkirtSide1_03 joints=3 restMaxAngle=0.00deg restTailOffset=0.00cm cruiseTailOffsetX=-0.86cm
[2026.09.27-17.04.45:113][285]LogVrmRepro: Display: VRMREPRO spring=J_Opt_L_RabbitEar2_01 joints=2 restMaxAngle=0.00deg restTailOffset=0.00cm cruiseTailOffsetX=0.00cm
[2026.09.27-17.04.45:113][285]LogVrmRepro: Display: VRMREPRO spring=J_Opt_R_RabbitEar2_01 joints=2 restMaxAngle=0.00deg restTailOffset=0.00cm cruiseTailOffsetX=0.00cm
[2026.09.27-17.04.45:113][285]LogVrmRepro: Display: VRMREPRO spring=J_Opt_C_RabbitTail1_01 joints=3 restMaxAngle=0.00deg restTailOffset=0.00cm cruiseTailOffsetX=-3.12cm
[2026.09.27-17.04.45:113][285]LogVrmRepro: Display: VRMREPRO spring=J_Sec_Hair1_01 joints=3 restMaxAngle=0.00deg restTailOffset=0.00cm cruiseTailOffsetX=-4.85cm
[2026.09.27-17.04.45:113][285]LogVrmRepro: Display: VRMREPRO spring=J_Sec_Hair1_02 joints=3 restMaxAngle=0.00deg restTailOffset=0.00cm cruiseTailOffsetX=-4.49cm
[2026.09.27-17.04.45:113][285]LogVrmRepro: Display: VRMREPRO spring=J_Sec_Hair1_03 joints=3 restMaxAngle=0.00deg restTailOffset=0.00cm cruiseTailOffsetX=-4.53cm
[2026.09.27-17.04.45:113][285]LogVrmRepro: Display: VRMREPRO spring=J_Sec_Hair1_04 joints=3 restMaxAngle=0.00deg restTailOffset=0.00cm cruiseTailOffsetX=-4.20cm
[2026.09.27-17.04.45:113][285]LogVrmRepro: Display: VRMREPRO spring=J_Sec_Hair1_05 joints=3 restMaxAngle=0.00deg restTailOffset=0.00cm cruiseTailOffsetX=-4.61cm
[2026.09.27-17.04.45:113][285]LogVrmRepro: Display: VRMREPRO spring=J_Sec_Hair1_06 joints=3 restMaxAngle=0.00deg restTailOffset=0.00cm cruiseTailOffsetX=-0.00cm
[2026.09.27-17.04.45:113][285]LogVrmRepro: Display: VRMREPRO spring=J_Sec_Hair1_07 joints=3 restMaxAngle=0.00deg restTailOffset=0.00cm cruiseTailOffsetX=-0.00cm
[2026.09.27-17.04.45:113][285]LogVrmRepro: Display: VRMREPRO spring=J_Sec_Hair1_08 joints=3 restMaxAngle=0.00deg restTailOffset=0.00cm cruiseTailOffsetX=0.00cm
[2026.09.27-17.04.45:113][285]LogVrmRepro: Display: VRMREPRO spring=J_Sec_Hair1_09 joints=3 restMaxAngle=0.00deg restTailOffset=0.00cm cruiseTailOffsetX=-0.00cm
[2026.09.27-17.04.45:113][285]LogVrmRepro: Display: VRMREPRO spring=J_Sec_Hair1_10 joints=3 restMaxAngle=0.00deg restTailOffset=0.00cm cruiseTailOffsetX=0.00cm
[2026.09.27-17.04.45:113][285]LogVrmRepro: Display: VRMREPRO result {
[2026.09.27-17.04.45:235][286]LogMac: === Critical error: ===
---- crash context ----
[2026.09.27-17.04.45:235][286]LogMac: === Critical error: ===
SIGSEGV: invalid attempt to access memory at address 0x60

[2026.09.27-17.04.45:235][286]LogMac: 0x1436b6a0 libUnrealEditor-UnrealEd.dylib!UAssetEditorSubsystem::FindEditorsForAssetAndSubObjects(UObject*)   [UnknownFile]) 
0x14366a38 libUnrealEditor-UnrealEd.dylib!UAssetEditorSubsystem::CloseAllEditorsForAsset(UObject*)   [UnknownFile]) 
0x14044d64 libUnrealEditor-UnrealEd.dylib!UEditorEngine::EndPlayMap()   [UnknownFile]) 
0x1328edd0 libUnrealEditor-UnrealEd.dylib!FAssetEditorViewportLayout::~FAssetEditorViewportLayout()   [UnknownFile]) 
0x236ffe88 libUnrealEditor-LevelEditor.dylib!FLevelViewportLayout::~FLevelViewportLayout()   [UnknownFile]) 
0x236ffec8 libUnrealEditor-LevelEditor.dylib!FLevelViewportLayout::~FLevelViewportLayout()   [UnknownFile]) 
0x2363d678 libUnrealEditor-LevelEditor.dylib!SharedPointerInternals::TReferenceControllerBase<(ESPMode)1>::ReleaseSharedReferenceNoInline(SharedPointerInternals::TReferenceControllerBase<(ESPMode)1>*)   [UnknownFile]) 
0x237242a8 libUnrealEditor-LevelEditor.dylib!FViewportTabContent::~FViewportTabContent()   [UnknownFile]) 
0x23704b38 libUnrealEditor-LevelEditor.dylib!FLevelViewportTabContent::~FLevelViewportTabContent()   [UnknownFile]) 
0x1321f9b4 libUnrealEditor-UnrealEd.dylib!SharedPointerInternals::TReferenceControllerBase<(ESPMode)1>::ReleaseSharedReferenceNoInline(SharedPointerInternals::TReferenceControllerBase<(ESPMode)1>*)   [UnknownFile]) 
0x132e680c libUnrealEditor-UnrealEd.dylib!SharedPointerInternals::TIntrusiveReferenceController<SAssetEditorViewportsOverlay, (ESPMode)1>::DestroyObject()   [UnknownFile]) 
0x0c50b668 libUnrealEditor-SlateCore.dylib!SharedPointerInternals::TReferenceControllerBase<(ESPMode)1>::ReleaseSharedReferenceNoInline(SharedPointerInternals::TReferenceControllerBase<(ESPMode)1>*)   [UnknownFile]) 
0x0c5f10c8 libUnrealEditor-SlateCore.dylib!FSlotBase::~FSlotBase()   [UnknownFile]) 
0x0c7073ec libUnrealEditor-SlateCore.dylib!SCompoundWidget::~SCompoundWidget()   [UnknownFile]) 
0x0c50b668 libUnrealEditor-SlateCore.dylib!SharedPointerInternals::TReferenceControllerBase<(ESPMode)1>::ReleaseSharedReferenceNoInline(SharedPointerInternals::TReferenceControllerBase<(ESPMode)1>*)   [UnknownFile]) 
0x0c5f10c8 libUnrealEditor-SlateCore.dylib!FSlotBase::~FSlotBase()   [UnknownFile]) 
0x0c734728 libUnrealEditor-SlateCore.dylib!SOverlay::FOverlaySlot::~FOverlaySlot()   [UnknownFile]) 
0x0c7252fc libUnrealEditor-SlateCore.dylib!void DestructItems<TUniquePtr<SOverlay::FOverlaySlot, TDefaultDelete<SOverlay::FOverlaySlot>>, int>(TUniquePtr<SOverlay::FOverlaySlot, TDefaultDelete<SOverlay::FOverlaySlot>>*, int)   [UnknownFile]) 
0x0c708370 libUnrealEditor-SlateCore.dylib!SOverlay::~SOverlay()   [UnknownFile]) 
0x0c50b668 libUnrealEditor-SlateCore.dylib!SharedPointerInternals::TReferenceControllerBase<(ESPMode)1>::ReleaseSharedReferenceNoInline(SharedPointerInternals::TReferenceControllerBase<(ESPMode)1>*)   [UnknownFile]) 
0x0c5f10c8 libUnrealEditor-SlateCore.dylib!FSlotBase::~FSlotBase()   [UnknownFile]) 
0x0ba762a8 libUnrealEditor-Slate.dylib!SVerticalBox::FSlot::~FSlot()   [UnknownFile]) 
0x0c7243dc libUnrealEditor-SlateCore.dylib!void DestructItems<TUniquePtr<SBoxPanel::FSlot, TDefaultDelete<SBoxPanel::FSlot>>, int>(TUniquePtr<SBoxPanel::FSlot, TDefaultDelete<SBoxPanel::FSlot>>*, int)   [UnknownFile]) 
0x0c7025c4 libUnrealEditor-SlateCore.dylib!SBoxPanel::~SBoxPanel()   [UnknownFile]) 
0x0c50b668 libUnrealEditor-SlateCore.dylib!SharedPointerInternals::TReferenceControllerBase<(ESPMode)1>::ReleaseSharedReferenceNoInline(SharedPointerInternals::TReferenceControllerBase<(ESPMode)1>*)   [UnknownFile]) 
0x0c5f10c8 libUnrealEditor-SlateCore.dylib!FSlotBase::~FSlotBase()   [UnknownFile]) 
0x0c7073ec libUnrealEditor-SlateCore.dylib!SCompoundWidget::~SCompoundWidget()   [UnknownFile]) 
0x0c50b668 libUnrealEditor-SlateCore.dylib!SharedPointerInternals::TReferenceControllerBase<(ESPMode)1>::ReleaseSharedReferenceNoInline(SharedPointerInternals::TReferenceControllerBase<(ESPMode)1>*)   [UnknownFile]) 
0x0c5f10c8 libUnrealEditor-SlateCore.dylib!FSlotBase::~FSlotBase()   [UnknownFile]) 
0x0bd2c81c libUnrealEditor-Slate.dylib!SSplitter::FSlot::~FSlot()   [UnknownFile]) 
0x0baa04d4 libUnrealEditor-Slate.dylib!void DestructItems<TUniquePtr<SSplitter::FSlot, TDefaultDelete<SSplitter::FSlot>>, int>(TUniquePtr<SSplitter::FSlot, TDefaultDelete<SSplitter::FSlot>>*, int)   [UnknownFile]) 
0x0baa0468 libUnrealEditor-Slate.dylib!SharedPointerInternals::TIntrusiveReferenceController<SSplitter, (ESPMode)1>::DestroyObject()   [UnknownFile]) 
0x0c50b668 libUnrealEditor-SlateCore.dylib!SharedPointerInternals::TReferenceControllerBase<(ESPMode)1>::ReleaseSharedReferenceNoInline(SharedPointerInternals::TReferenceControllerBase<(ESPMode)1>*)   [UnknownFile]) 
0x0c5f10c8 libUnrealEditor-SlateCore.dylib!FSlotBase::~FSlotBase()   [UnknownFile]) 
0x0c7073ec libUnrealEditor-SlateCore.dylib!SCompoundWidget::~SCompoundWidget()   [UnknownFile]) 
0x0c50b668 libUnrealEditor-SlateCore.dylib!SharedPointerInternals::TReferenceControllerBase<(ESPMode)1>::ReleaseSharedReferenceNoInline(SharedPointerInternals::TReferenceControllerBase<(ESPMode)1>*)   [UnknownFile]) 
0x0c5f10c8 libUnrealEditor-SlateCore.dylib!FSlotBase::~FSlotBase()   [UnknownFile]) 
