[2026.09.27-17.05.13:915][ 34]LogVrmRepro: Display: VRMREPRO load begin AvatarSample_E-thinned.vrm (19792588 bytes)
[2026.09.27-17.05.14:858][ 34]LogVrmRepro: Display: VRMREPRO load end ok=1 seconds=0.943
[2026.09.27-17.05.19:012][286]LogVrmRepro: Display: VRMREPRO spring=J_Sec_L_Bust1 joints=2 restMaxAngle=0.00deg restTailOffset=0.00cm cruiseTailOffsetX=-1.25cm
[2026.09.27-17.05.19:012][286]LogVrmRepro: Display: VRMREPRO spring=J_Sec_R_Bust1 joints=2 restMaxAngle=0.00deg restTailOffset=0.00cm cruiseTailOffsetX=-1.09cm
[2026.09.27-17.05.19:012][286]LogVrmRepro: Display: VRMREPRO spring=J_Sec_L_CoatSkirtBack_01 joints=2 restMaxAngle=0.00deg restTailOffset=0.00cm cruiseTailOffsetX=-0.04cm
[2026.09.27-17.05.19:012][286]LogVrmRepro: Display: VRMREPRO spring=J_Sec_L_CoatSkirtFront_01 joints=2 restMaxAngle=0.00deg restTailOffset=0.00cm cruiseTailOffsetX=-0.05cm
[2026.09.27-17.05.19:012][286]LogVrmRepro: Display: VRMREPRO spring=J_Sec_L_CoatSkirtSide1_01 joints=3 restMaxAngle=0.00deg restTailOffset=0.00cm cruiseTailOffsetX=0.22cm
[2026.09.27-17.05.19:012][286]LogVrmRepro: Display: VRMREPRO spring=J_Sec_R_CoatSkirtBack_01 joints=2 restMaxAngle=0.00deg restTailOffset=0.00cm cruiseTailOffsetX=-0.04cm
[2026.09.27-17.05.19:012][286]LogVrmRepro: Display: VRMREPRO spring=J_Sec_R_CoatSkirtFront_01 joints=2 restMaxAngle=0.00deg restTailOffset=0.00cm cruiseTailOffsetX=-0.04cm
[2026.09.27-17.05.19:012][286]LogVrmRepro: Display: VRMREPRO spring=J_Sec_R_CoatSkirtSide1_01 joints=3 restMaxAngle=0.00deg restTailOffset=0.00cm cruiseTailOffsetX=0.23cm
[2026.09.27-17.05.19:012][286]LogVrmRepro: Display: VRMREPRO spring=J_Sec_L_SkirtBack1_01 joints=3 restMaxAngle=0.00deg restTailOffset=0.00cm cruiseTailOffsetX=-5.91cm
[2026.09.27-17.05.19:012][286]LogVrmRepro: Display: VRMREPRO spring=J_Sec_L_SkirtFront1_01 joints=3 restMaxAngle=0.00deg restTailOffset=0.00cm cruiseTailOffsetX=-6.05cm
[2026.09.27-17.05.19:012][286]LogVrmRepro: Display: VRMREPRO spring=J_Sec_L_SkirtSide1_01 joints=3 restMaxAngle=0.00deg restTailOffset=0.00cm cruiseTailOffsetX=-5.81cm
[2026.09.27-17.05.19:012][286]LogVrmRepro: Display: VRMREPRO spring=J_Sec_R_SkirtBack1_01 joints=3 restMaxAngle=0.00deg restTailOffset=0.00cm cruiseTailOffsetX=-5.11cm
[2026.09.27-17.05.19:012][286]LogVrmRepro: Display: VRMREPRO spring=J_Sec_R_SkirtFront1_01 joints=3 restMaxAngle=0.00deg restTailOffset=0.00cm cruiseTailOffsetX=-5.41cm
[2026.09.27-17.05.19:012][286]LogVrmRepro: Display: VRMREPRO spring=J_Sec_R_SkirtSide1_01 joints=3 restMaxAngle=0.00deg restTailOffset=0.00cm cruiseTailOffsetX=-4.71cm
[2026.09.27-17.05.19:012][286]LogVrmRepro: Display: VRMREPRO spring=J_Sec_L_SkirtBack1_02 joints=3 restMaxAngle=0.00deg restTailOffset=0.00cm cruiseTailOffsetX=-5.91cm
[2026.09.27-17.05.19:012][286]LogVrmRepro: Display: VRMREPRO spring=J_Sec_L_SkirtFront1_02 joints=3 restMaxAngle=0.00deg restTailOffset=0.00cm cruiseTailOffsetX=-6.05cm
[2026.09.27-17.05.19:012][286]LogVrmRepro: Display: VRMREPRO spring=J_Sec_L_SkirtSide1_02 joints=3 restMaxAngle=0.00deg restTailOffset=0.00cm cruiseTailOffsetX=-5.81cm
[2026.09.27-17.05.19:012][286]LogVrmRepro: Display: VRMREPRO spring=J_Sec_R_SkirtBack1_02 joints=3 restMaxAngle=0.00deg restTailOffset=0.00cm cruiseTailOffsetX=-5.11cm
[2026.09.27-17.05.19:012][286]LogVrmRepro: Display: VRMREPRO spring=J_Sec_R_SkirtFront1_02 joints=3 restMaxAngle=0.00deg restTailOffset=0.00cm cruiseTailOffsetX=-5.41cm
[2026.09.27-17.05.19:012][286]LogVrmRepro: Display: VRMREPRO spring=J_Sec_R_SkirtSide1_02 joints=3 restMaxAngle=0.00deg restTailOffset=0.00cm cruiseTailOffsetX=-4.71cm
[2026.09.27-17.05.19:012][286]LogVrmRepro: Display: VRMREPRO spring=J_Sec_L_CoatSkirtBack_02 joints=2 restMaxAngle=0.00deg restTailOffset=0.00cm cruiseTailOffsetX=-0.04cm
[2026.09.27-17.05.19:012][286]LogVrmRepro: Display: VRMREPRO spring=J_Sec_L_CoatSkirtFront_02 joints=2 restMaxAngle=0.00deg restTailOffset=0.00cm cruiseTailOffsetX=-0.05cm
[2026.09.27-17.05.19:012][286]LogVrmRepro: Display: VRMREPRO spring=J_Sec_L_CoatSkirtSide1_02 joints=3 restMaxAngle=0.00deg restTailOffset=0.00cm cruiseTailOffsetX=0.22cm
[2026.09.27-17.05.19:012][286]LogVrmRepro: Display: VRMREPRO spring=J_Sec_R_CoatSkirtBack_02 joints=2 restMaxAngle=0.00deg restTailOffset=0.00cm cruiseTailOffsetX=-0.04cm
[2026.09.27-17.05.19:012][286]LogVrmRepro: Display: VRMREPRO spring=J_Sec_R_CoatSkirtFront_02 joints=2 restMaxAngle=0.00deg restTailOffset=0.00cm cruiseTailOffsetX=-0.04cm
[2026.09.27-17.05.19:013][286]LogVrmRepro: Display: VRMREPRO spring=J_Sec_R_CoatSkirtSide1_02 joints=3 restMaxAngle=0.00deg restTailOffset=0.00cm cruiseTailOffsetX=0.23cm
[2026.09.27-17.05.19:013][286]LogVrmRepro: Display: VRMREPRO spring=J_Sec_L_SkirtBack1_03 joints=3 restMaxAngle=0.00deg restTailOffset=0.00cm cruiseTailOffsetX=-5.91cm
[2026.09.27-17.05.19:013][286]LogVrmRepro: Display: VRMREPRO spring=J_Sec_L_SkirtFront1_03 joints=3 restMaxAngle=0.00deg restTailOffset=0.00cm cruiseTailOffsetX=-6.05cm
[2026.09.27-17.05.19:013][286]LogVrmRepro: Display: VRMREPRO spring=J_Sec_L_SkirtSide1_03 joints=3 restMaxAngle=0.00deg restTailOffset=0.00cm cruiseTailOffsetX=-5.81cm
[2026.09.27-17.05.19:013][286]LogVrmRepro: Display: VRMREPRO spring=J_Sec_R_SkirtBack1_03 joints=3 restMaxAngle=0.00deg restTailOffset=0.00cm cruiseTailOffsetX=-5.11cm
[2026.09.27-17.05.19:013][286]LogVrmRepro: Display: VRMREPRO spring=J_Sec_R_SkirtFront1_03 joints=3 restMaxAngle=0.00deg restTailOffset=0.00cm cruiseTailOffsetX=-5.41cm
[2026.09.27-17.05.19:013][286]LogVrmRepro: Display: VRMREPRO spring=J_Sec_R_SkirtSide1_03 joints=3 restMaxAngle=0.00deg restTailOffset=0.00cm cruiseTailOffsetX=-4.71cm
[2026.09.27-17.05.19:013][286]LogVrmRepro: Display: VRMREPRO spring=J_Opt_L_RabbitEar2_01 joints=2 restMaxAngle=0.00deg restTailOffset=0.00cm cruiseTailOffsetX=-16.71cm
[2026.09.27-17.05.19:013][286]LogVrmRepro: Display: VRMREPRO spring=J_Opt_R_RabbitEar2_01 joints=2 restMaxAngle=0.00deg restTailOffset=0.00cm cruiseTailOffsetX=-12.00cm
[2026.09.27-17.05.19:013][286]LogVrmRepro: Display: VRMREPRO spring=J_Opt_C_RabbitTail1_01 joints=3 restMaxAngle=0.00deg restTailOffset=0.00cm cruiseTailOffsetX=-23.73cm
[2026.09.27-17.05.19:013][286]LogVrmRepro: Display: VRMREPRO spring=J_Sec_Hair1_01 joints=3 restMaxAngle=0.00deg restTailOffset=0.00cm cruiseTailOffsetX=-16.35cm
[2026.09.27-17.05.19:013][286]LogVrmRepro: Display: VRMREPRO spring=J_Sec_Hair1_02 joints=3 restMaxAngle=0.00deg restTailOffset=0.00cm cruiseTailOffsetX=-10.73cm
[2026.09.27-17.05.19:013][286]LogVrmRepro: Display: VRMREPRO spring=J_Sec_Hair1_03 joints=3 restMaxAngle=0.00deg restTailOffset=0.00cm cruiseTailOffsetX=-11.19cm
[2026.09.27-17.05.19:013][286]LogVrmRepro: Display: VRMREPRO spring=J_Sec_Hair1_04 joints=3 restMaxAngle=0.00deg restTailOffset=0.00cm cruiseTailOffsetX=-11.18cm
[2026.09.27-17.05.19:013][286]LogVrmRepro: Display: VRMREPRO spring=J_Sec_Hair1_05 joints=3 restMaxAngle=0.00deg restTailOffset=0.00cm cruiseTailOffsetX=-12.58cm
[2026.09.27-17.05.19:013][286]LogVrmRepro: Display: VRMREPRO spring=J_Sec_Hair1_06 joints=3 restMaxAngle=0.00deg restTailOffset=0.00cm cruiseTailOffsetX=-7.87cm
[2026.09.27-17.05.19:013][286]LogVrmRepro: Display: VRMREPRO spring=J_Sec_Hair1_07 joints=3 restMaxAngle=0.00deg restTailOffset=0.00cm cruiseTailOffsetX=-24.17cm
[2026.09.27-17.05.19:013][286]LogVrmRepro: Display: VRMREPRO spring=J_Sec_Hair1_08 joints=3 restMaxAngle=0.00deg restTailOffset=0.00cm cruiseTailOffsetX=-26.80cm
[2026.09.27-17.05.19:013][286]LogVrmRepro: Display: VRMREPRO spring=J_Sec_Hair1_09 joints=3 restMaxAngle=0.00deg restTailOffset=0.00cm cruiseTailOffsetX=-28.94cm
[2026.09.27-17.05.19:013][286]LogVrmRepro: Display: VRMREPRO spring=J_Sec_Hair1_10 joints=3 restMaxAngle=0.00deg restTailOffset=0.00cm cruiseTailOffsetX=-36.40cm
[2026.09.27-17.05.19:013][286]LogVrmRepro: Display: VRMREPRO result {
[2026.09.27-17.05.19:138][287]LogMac: === Critical error: ===
---- crash context ----
[2026.09.27-17.05.19:138][287]LogMac: === Critical error: ===
SIGSEGV: invalid attempt to access memory at address 0x60

[2026.09.27-17.05.19:138][287]LogMac: 0x0f6d36a0 libUnrealEditor-UnrealEd.dylib!UAssetEditorSubsystem::FindEditorsForAssetAndSubObjects(UObject*)   [UnknownFile]) 
0x0f6cea38 libUnrealEditor-UnrealEd.dylib!UAssetEditorSubsystem::CloseAllEditorsForAsset(UObject*)   [UnknownFile]) 
0x0f3acd64 libUnrealEditor-UnrealEd.dylib!UEditorEngine::EndPlayMap()   [UnknownFile]) 
0x0e5f6dd0 libUnrealEditor-UnrealEd.dylib!FAssetEditorViewportLayout::~FAssetEditorViewportLayout()   [UnknownFile]) 
0x1ea67e88 libUnrealEditor-LevelEditor.dylib!FLevelViewportLayout::~FLevelViewportLayout()   [UnknownFile]) 
0x1ea67ec8 libUnrealEditor-LevelEditor.dylib!FLevelViewportLayout::~FLevelViewportLayout()   [UnknownFile]) 
0x1e9a5678 libUnrealEditor-LevelEditor.dylib!SharedPointerInternals::TReferenceControllerBase<(ESPMode)1>::ReleaseSharedReferenceNoInline(SharedPointerInternals::TReferenceControllerBase<(ESPMode)1>*)   [UnknownFile]) 
0x1ea8c2a8 libUnrealEditor-LevelEditor.dylib!FViewportTabContent::~FViewportTabContent()   [UnknownFile]) 
0x1ea6cb38 libUnrealEditor-LevelEditor.dylib!FLevelViewportTabContent::~FLevelViewportTabContent()   [UnknownFile]) 
0x0e5879b4 libUnrealEditor-UnrealEd.dylib!SharedPointerInternals::TReferenceControllerBase<(ESPMode)1>::ReleaseSharedReferenceNoInline(SharedPointerInternals::TReferenceControllerBase<(ESPMode)1>*)   [UnknownFile]) 
0x0e64e80c libUnrealEditor-UnrealEd.dylib!SharedPointerInternals::TIntrusiveReferenceController<SAssetEditorViewportsOverlay, (ESPMode)1>::DestroyObject()   [UnknownFile]) 
0x07873668 libUnrealEditor-SlateCore.dylib!SharedPointerInternals::TReferenceControllerBase<(ESPMode)1>::ReleaseSharedReferenceNoInline(SharedPointerInternals::TReferenceControllerBase<(ESPMode)1>*)   [UnknownFile]) 
0x079590c8 libUnrealEditor-SlateCore.dylib!FSlotBase::~FSlotBase()   [UnknownFile]) 
0x07a6f3ec libUnrealEditor-SlateCore.dylib!SCompoundWidget::~SCompoundWidget()   [UnknownFile]) 
0x07873668 libUnrealEditor-SlateCore.dylib!SharedPointerInternals::TReferenceControllerBase<(ESPMode)1>::ReleaseSharedReferenceNoInline(SharedPointerInternals::TReferenceControllerBase<(ESPMode)1>*)   [UnknownFile]) 
0x079590c8 libUnrealEditor-SlateCore.dylib!FSlotBase::~FSlotBase()   [UnknownFile]) 
0x07a9c728 libUnrealEditor-SlateCore.dylib!SOverlay::FOverlaySlot::~FOverlaySlot()   [UnknownFile]) 
0x07a8d2fc libUnrealEditor-SlateCore.dylib!void DestructItems<TUniquePtr<SOverlay::FOverlaySlot, TDefaultDelete<SOverlay::FOverlaySlot>>, int>(TUniquePtr<SOverlay::FOverlaySlot, TDefaultDelete<SOverlay::FOverlaySlot>>*, int)   [UnknownFile]) 
0x07a70370 libUnrealEditor-SlateCore.dylib!SOverlay::~SOverlay()   [UnknownFile]) 
0x07873668 libUnrealEditor-SlateCore.dylib!SharedPointerInternals::TReferenceControllerBase<(ESPMode)1>::ReleaseSharedReferenceNoInline(SharedPointerInternals::TReferenceControllerBase<(ESPMode)1>*)   [UnknownFile]) 
0x079590c8 libUnrealEditor-SlateCore.dylib!FSlotBase::~FSlotBase()   [UnknownFile]) 
0x06dde2a8 libUnrealEditor-Slate.dylib!SVerticalBox::FSlot::~FSlot()   [UnknownFile]) 
0x07a8c3dc libUnrealEditor-SlateCore.dylib!void DestructItems<TUniquePtr<SBoxPanel::FSlot, TDefaultDelete<SBoxPanel::FSlot>>, int>(TUniquePtr<SBoxPanel::FSlot, TDefaultDelete<SBoxPanel::FSlot>>*, int)   [UnknownFile]) 
0x07a6a5c4 libUnrealEditor-SlateCore.dylib!SBoxPanel::~SBoxPanel()   [UnknownFile]) 
0x07873668 libUnrealEditor-SlateCore.dylib!SharedPointerInternals::TReferenceControllerBase<(ESPMode)1>::ReleaseSharedReferenceNoInline(SharedPointerInternals::TReferenceControllerBase<(ESPMode)1>*)   [UnknownFile]) 
0x079590c8 libUnrealEditor-SlateCore.dylib!FSlotBase::~FSlotBase()   [UnknownFile]) 
0x07a6f3ec libUnrealEditor-SlateCore.dylib!SCompoundWidget::~SCompoundWidget()   [UnknownFile]) 
0x07873668 libUnrealEditor-SlateCore.dylib!SharedPointerInternals::TReferenceControllerBase<(ESPMode)1>::ReleaseSharedReferenceNoInline(SharedPointerInternals::TReferenceControllerBase<(ESPMode)1>*)   [UnknownFile]) 
0x079590c8 libUnrealEditor-SlateCore.dylib!FSlotBase::~FSlotBase()   [UnknownFile]) 
0x0709481c libUnrealEditor-Slate.dylib!SSplitter::FSlot::~FSlot()   [UnknownFile]) 
0x06e084d4 libUnrealEditor-Slate.dylib!void DestructItems<TUniquePtr<SSplitter::FSlot, TDefaultDelete<SSplitter::FSlot>>, int>(TUniquePtr<SSplitter::FSlot, TDefaultDelete<SSplitter::FSlot>>*, int)   [UnknownFile]) 
0x06e08468 libUnrealEditor-Slate.dylib!SharedPointerInternals::TIntrusiveReferenceController<SSplitter, (ESPMode)1>::DestroyObject()   [UnknownFile]) 
0x07873668 libUnrealEditor-SlateCore.dylib!SharedPointerInternals::TReferenceControllerBase<(ESPMode)1>::ReleaseSharedReferenceNoInline(SharedPointerInternals::TReferenceControllerBase<(ESPMode)1>*)   [UnknownFile]) 
0x079590c8 libUnrealEditor-SlateCore.dylib!FSlotBase::~FSlotBase()   [UnknownFile]) 
0x07a6f3ec libUnrealEditor-SlateCore.dylib!SCompoundWidget::~SCompoundWidget()   [UnknownFile]) 
0x07873668 libUnrealEditor-SlateCore.dylib!SharedPointerInternals::TReferenceControllerBase<(ESPMode)1>::ReleaseSharedReferenceNoInline(SharedPointerInternals::TReferenceControllerBase<(ESPMode)1>*)   [UnknownFile]) 
0x079590c8 libUnrealEditor-SlateCore.dylib!FSlotBase::~FSlotBase()   [UnknownFile]) 
