[2026.09.27-16.58.07:119][ 35]LogVrmRepro: Display: VRMREPRO load begin AvatarSample_E.vrm (19798112 bytes)
[2026.09.27-16.58.08:071][ 35]LogVrmRepro: Display: VRMREPRO load end ok=1 seconds=0.952
[2026.09.27-16.58.12:145][263]LogVrmRepro: Display: VRMREPRO spring=J_Sec_L_Bust1 joints=3 restMaxAngle=0.00deg restTailOffset=0.00cm cruiseTailOffsetX=-1.88cm
[2026.09.27-16.58.12:145][263]LogVrmRepro: Display: VRMREPRO spring=J_Sec_R_Bust1 joints=3 restMaxAngle=0.00deg restTailOffset=0.00cm cruiseTailOffsetX=-1.55cm
[2026.09.27-16.58.12:145][263]LogVrmRepro: Display: VRMREPRO spring=J_Sec_L_CoatSkirtBack_01 joints=3 restMaxAngle=0.00deg restTailOffset=0.00cm cruiseTailOffsetX=0.01cm
[2026.09.27-16.58.12:145][263]LogVrmRepro: Display: VRMREPRO spring=J_Sec_L_CoatSkirtFront_01 joints=3 restMaxAngle=0.00deg restTailOffset=0.00cm cruiseTailOffsetX=0.01cm
[2026.09.27-16.58.12:145][263]LogVrmRepro: Display: VRMREPRO spring=J_Sec_L_CoatSkirtSide1_01 joints=4 restMaxAngle=0.00deg restTailOffset=0.00cm cruiseTailOffsetX=-0.85cm
[2026.09.27-16.58.12:146][263]LogVrmRepro: Display: VRMREPRO spring=J_Sec_R_CoatSkirtBack_01 joints=3 restMaxAngle=0.00deg restTailOffset=0.00cm cruiseTailOffsetX=0.01cm
[2026.09.27-16.58.12:146][263]LogVrmRepro: Display: VRMREPRO spring=J_Sec_R_CoatSkirtFront_01 joints=3 restMaxAngle=0.00deg restTailOffset=0.00cm cruiseTailOffsetX=0.01cm
[2026.09.27-16.58.12:146][263]LogVrmRepro: Display: VRMREPRO spring=J_Sec_R_CoatSkirtSide1_01 joints=4 restMaxAngle=0.00deg restTailOffset=0.00cm cruiseTailOffsetX=-0.57cm
[2026.09.27-16.58.12:146][263]LogVrmRepro: Display: VRMREPRO spring=J_Sec_L_SkirtBack1_01 joints=4 restMaxAngle=0.00deg restTailOffset=0.00cm cruiseTailOffsetX=-8.48cm
[2026.09.27-16.58.12:146][263]LogVrmRepro: Display: VRMREPRO spring=J_Sec_L_SkirtFront1_01 joints=4 restMaxAngle=0.00deg restTailOffset=0.00cm cruiseTailOffsetX=-8.80cm
[2026.09.27-16.58.12:146][263]LogVrmRepro: Display: VRMREPRO spring=J_Sec_L_SkirtSide1_01 joints=4 restMaxAngle=0.00deg restTailOffset=0.00cm cruiseTailOffsetX=-8.18cm
[2026.09.27-16.58.12:146][263]LogVrmRepro: Display: VRMREPRO spring=J_Sec_R_SkirtBack1_01 joints=4 restMaxAngle=0.00deg restTailOffset=0.00cm cruiseTailOffsetX=-7.27cm
[2026.09.27-16.58.12:146][263]LogVrmRepro: Display: VRMREPRO spring=J_Sec_R_SkirtFront1_01 joints=4 restMaxAngle=0.00deg restTailOffset=0.00cm cruiseTailOffsetX=-7.83cm
[2026.09.27-16.58.12:146][263]LogVrmRepro: Display: VRMREPRO spring=J_Sec_R_SkirtSide1_01 joints=4 restMaxAngle=0.00deg restTailOffset=0.00cm cruiseTailOffsetX=-6.61cm
[2026.09.27-16.58.12:146][263]LogVrmRepro: Display: VRMREPRO spring=J_Sec_L_SkirtBack1_02 joints=4 restMaxAngle=0.00deg restTailOffset=0.00cm cruiseTailOffsetX=-8.48cm
[2026.09.27-16.58.12:146][263]LogVrmRepro: Display: VRMREPRO spring=J_Sec_L_SkirtFront1_02 joints=4 restMaxAngle=0.00deg restTailOffset=0.00cm cruiseTailOffsetX=-8.80cm
[2026.09.27-16.58.12:146][263]LogVrmRepro: Display: VRMREPRO spring=J_Sec_L_SkirtSide1_02 joints=4 restMaxAngle=0.00deg restTailOffset=0.00cm cruiseTailOffsetX=-8.18cm
[2026.09.27-16.58.12:146][263]LogVrmRepro: Display: VRMREPRO spring=J_Sec_R_SkirtBack1_02 joints=4 restMaxAngle=0.00deg restTailOffset=0.00cm cruiseTailOffsetX=-7.27cm
[2026.09.27-16.58.12:146][263]LogVrmRepro: Display: VRMREPRO spring=J_Sec_R_SkirtFront1_02 joints=4 restMaxAngle=0.00deg restTailOffset=0.00cm cruiseTailOffsetX=-7.83cm
[2026.09.27-16.58.12:146][263]LogVrmRepro: Display: VRMREPRO spring=J_Sec_R_SkirtSide1_02 joints=4 restMaxAngle=0.00deg restTailOffset=0.00cm cruiseTailOffsetX=-6.61cm
[2026.09.27-16.58.12:146][263]LogVrmRepro: Display: VRMREPRO spring=J_Sec_L_CoatSkirtBack_02 joints=3 restMaxAngle=0.00deg restTailOffset=0.00cm cruiseTailOffsetX=0.01cm
[2026.09.27-16.58.12:146][263]LogVrmRepro: Display: VRMREPRO spring=J_Sec_L_CoatSkirtFront_02 joints=3 restMaxAngle=0.00deg restTailOffset=0.00cm cruiseTailOffsetX=0.01cm
[2026.09.27-16.58.12:146][263]LogVrmRepro: Display: VRMREPRO spring=J_Sec_L_CoatSkirtSide1_02 joints=4 restMaxAngle=0.00deg restTailOffset=0.00cm cruiseTailOffsetX=-0.85cm
[2026.09.27-16.58.12:146][263]LogVrmRepro: Display: VRMREPRO spring=J_Sec_R_CoatSkirtBack_02 joints=3 restMaxAngle=0.00deg restTailOffset=0.00cm cruiseTailOffsetX=0.01cm
[2026.09.27-16.58.12:146][263]LogVrmRepro: Display: VRMREPRO spring=J_Sec_R_CoatSkirtFront_02 joints=3 restMaxAngle=0.00deg restTailOffset=0.00cm cruiseTailOffsetX=0.01cm
[2026.09.27-16.58.12:146][263]LogVrmRepro: Display: VRMREPRO spring=J_Sec_R_CoatSkirtSide1_02 joints=4 restMaxAngle=0.00deg restTailOffset=0.00cm cruiseTailOffsetX=-0.57cm
[2026.09.27-16.58.12:146][263]LogVrmRepro: Display: VRMREPRO spring=J_Sec_L_SkirtBack1_03 joints=4 restMaxAngle=0.00deg restTailOffset=0.00cm cruiseTailOffsetX=-8.48cm
[2026.09.27-16.58.12:146][263]LogVrmRepro: Display: VRMREPRO spring=J_Sec_L_SkirtFront1_03 joints=4 restMaxAngle=0.00deg restTailOffset=0.00cm cruiseTailOffsetX=-8.80cm
[2026.09.27-16.58.12:146][263]LogVrmRepro: Display: VRMREPRO spring=J_Sec_L_SkirtSide1_03 joints=4 restMaxAngle=0.00deg restTailOffset=0.00cm cruiseTailOffsetX=-8.18cm
[2026.09.27-16.58.12:146][263]LogVrmRepro: Display: VRMREPRO spring=J_Sec_R_SkirtBack1_03 joints=4 restMaxAngle=0.00deg restTailOffset=0.00cm cruiseTailOffsetX=-7.27cm
[2026.09.27-16.58.12:146][263]LogVrmRepro: Display: VRMREPRO spring=J_Sec_R_SkirtFront1_03 joints=4 restMaxAngle=0.00deg restTailOffset=0.00cm cruiseTailOffsetX=-7.83cm
[2026.09.27-16.58.12:146][263]LogVrmRepro: Display: VRMREPRO spring=J_Sec_R_SkirtSide1_03 joints=4 restMaxAngle=0.00deg restTailOffset=0.00cm cruiseTailOffsetX=-6.61cm
[2026.09.27-16.58.12:146][263]LogVrmRepro: Display: VRMREPRO spring=J_Opt_L_RabbitEar2_01 joints=3 restMaxAngle=0.00deg restTailOffset=0.00cm cruiseTailOffsetX=-19.23cm
[2026.09.27-16.58.12:146][263]LogVrmRepro: Display: VRMREPRO spring=J_Opt_R_RabbitEar2_01 joints=3 restMaxAngle=0.00deg restTailOffset=0.00cm cruiseTailOffsetX=-13.44cm
[2026.09.27-16.58.12:146][263]LogVrmRepro: Display: VRMREPRO spring=J_Opt_C_RabbitTail1_01 joints=4 restMaxAngle=0.00deg restTailOffset=0.00cm cruiseTailOffsetX=-25.05cm
[2026.09.27-16.58.12:146][263]LogVrmRepro: Display: VRMREPRO spring=J_Sec_Hair1_01 joints=4 restMaxAngle=0.00deg restTailOffset=0.00cm cruiseTailOffsetX=-17.40cm
[2026.09.27-16.58.12:146][263]LogVrmRepro: Display: VRMREPRO spring=J_Sec_Hair1_02 joints=4 restMaxAngle=7.93deg restTailOffset=1.85cm cruiseTailOffsetX=-11.98cm
[2026.09.27-16.58.12:146][263]LogVrmRepro: Display: VRMREPRO spring=J_Sec_Hair1_03 joints=4 restMaxAngle=8.26deg restTailOffset=1.99cm cruiseTailOffsetX=-13.38cm
[2026.09.27-16.58.12:146][263]LogVrmRepro: Display: VRMREPRO spring=J_Sec_Hair1_04 joints=4 restMaxAngle=9.19deg restTailOffset=2.41cm cruiseTailOffsetX=-12.52cm
[2026.09.27-16.58.12:146][263]LogVrmRepro: Display: VRMREPRO spring=J_Sec_Hair1_05 joints=4 restMaxAngle=8.47deg restTailOffset=2.36cm cruiseTailOffsetX=-12.79cm
[2026.09.27-16.58.12:146][263]LogVrmRepro: Display: VRMREPRO spring=J_Sec_Hair1_06 joints=5 restMaxAngle=7.26deg restTailOffset=0.89cm cruiseTailOffsetX=-6.82cm
[2026.09.27-16.58.12:146][263]LogVrmRepro: Display: VRMREPRO spring=J_Sec_Hair1_07 joints=5 restMaxAngle=6.58deg restTailOffset=0.80cm cruiseTailOffsetX=-27.55cm
[2026.09.27-16.58.12:146][263]LogVrmRepro: Display: VRMREPRO spring=J_Sec_Hair1_08 joints=5 restMaxAngle=0.00deg restTailOffset=0.00cm cruiseTailOffsetX=-28.04cm
[2026.09.27-16.58.12:146][263]LogVrmRepro: Display: VRMREPRO spring=J_Sec_Hair1_09 joints=5 restMaxAngle=0.00deg restTailOffset=0.00cm cruiseTailOffsetX=-30.67cm
[2026.09.27-16.58.12:146][263]LogVrmRepro: Display: VRMREPRO spring=J_Sec_Hair1_10 joints=5 restMaxAngle=0.00deg restTailOffset=0.00cm cruiseTailOffsetX=-38.66cm
[2026.09.27-16.58.12:146][263]LogVrmRepro: Display: VRMREPRO result {
[2026.09.27-16.58.12:269][264]LogMac: === Critical error: ===
---- crash context ----
[2026.09.27-16.58.12:269][264]LogMac: === Critical error: ===
SIGSEGV: invalid attempt to access memory at address 0x60

[2026.09.27-16.58.12:269][264]LogMac: 0x119fb6a0 libUnrealEditor-UnrealEd.dylib!UAssetEditorSubsystem::FindEditorsForAssetAndSubObjects(UObject*)   [UnknownFile]) 
0x119f6a38 libUnrealEditor-UnrealEd.dylib!UAssetEditorSubsystem::CloseAllEditorsForAsset(UObject*)   [UnknownFile]) 
0x116d4d64 libUnrealEditor-UnrealEd.dylib!UEditorEngine::EndPlayMap()   [UnknownFile]) 
0x1091edd0 libUnrealEditor-UnrealEd.dylib!FAssetEditorViewportLayout::~FAssetEditorViewportLayout()   [UnknownFile]) 
0x20d8fe88 libUnrealEditor-LevelEditor.dylib!FLevelViewportLayout::~FLevelViewportLayout()   [UnknownFile]) 
0x20d8fec8 libUnrealEditor-LevelEditor.dylib!FLevelViewportLayout::~FLevelViewportLayout()   [UnknownFile]) 
0x20ccd678 libUnrealEditor-LevelEditor.dylib!SharedPointerInternals::TReferenceControllerBase<(ESPMode)1>::ReleaseSharedReferenceNoInline(SharedPointerInternals::TReferenceControllerBase<(ESPMode)1>*)   [UnknownFile]) 
0x20db42a8 libUnrealEditor-LevelEditor.dylib!FViewportTabContent::~FViewportTabContent()   [UnknownFile]) 
0x20d94b38 libUnrealEditor-LevelEditor.dylib!FLevelViewportTabContent::~FLevelViewportTabContent()   [UnknownFile]) 
0x108af9b4 libUnrealEditor-UnrealEd.dylib!SharedPointerInternals::TReferenceControllerBase<(ESPMode)1>::ReleaseSharedReferenceNoInline(SharedPointerInternals::TReferenceControllerBase<(ESPMode)1>*)   [UnknownFile]) 
0x1097680c libUnrealEditor-UnrealEd.dylib!SharedPointerInternals::TIntrusiveReferenceController<SAssetEditorViewportsOverlay, (ESPMode)1>::DestroyObject()   [UnknownFile]) 
0x09b9b668 libUnrealEditor-SlateCore.dylib!SharedPointerInternals::TReferenceControllerBase<(ESPMode)1>::ReleaseSharedReferenceNoInline(SharedPointerInternals::TReferenceControllerBase<(ESPMode)1>*)   [UnknownFile]) 
0x09c810c8 libUnrealEditor-SlateCore.dylib!FSlotBase::~FSlotBase()   [UnknownFile]) 
0x09d973ec libUnrealEditor-SlateCore.dylib!SCompoundWidget::~SCompoundWidget()   [UnknownFile]) 
0x09b9b668 libUnrealEditor-SlateCore.dylib!SharedPointerInternals::TReferenceControllerBase<(ESPMode)1>::ReleaseSharedReferenceNoInline(SharedPointerInternals::TReferenceControllerBase<(ESPMode)1>*)   [UnknownFile]) 
0x09c810c8 libUnrealEditor-SlateCore.dylib!FSlotBase::~FSlotBase()   [UnknownFile]) 
0x09dc4728 libUnrealEditor-SlateCore.dylib!SOverlay::FOverlaySlot::~FOverlaySlot()   [UnknownFile]) 
0x09db52fc libUnrealEditor-SlateCore.dylib!void DestructItems<TUniquePtr<SOverlay::FOverlaySlot, TDefaultDelete<SOverlay::FOverlaySlot>>, int>(TUniquePtr<SOverlay::FOverlaySlot, TDefaultDelete<SOverlay::FOverlaySlot>>*, int)   [UnknownFile]) 
0x09d98370 libUnrealEditor-SlateCore.dylib!SOverlay::~SOverlay()   [UnknownFile]) 
0x09b9b668 libUnrealEditor-SlateCore.dylib!SharedPointerInternals::TReferenceControllerBase<(ESPMode)1>::ReleaseSharedReferenceNoInline(SharedPointerInternals::TReferenceControllerBase<(ESPMode)1>*)   [UnknownFile]) 
0x09c810c8 libUnrealEditor-SlateCore.dylib!FSlotBase::~FSlotBase()   [UnknownFile]) 
0x091062a8 libUnrealEditor-Slate.dylib!SVerticalBox::FSlot::~FSlot()   [UnknownFile]) 
0x09db43dc libUnrealEditor-SlateCore.dylib!void DestructItems<TUniquePtr<SBoxPanel::FSlot, TDefaultDelete<SBoxPanel::FSlot>>, int>(TUniquePtr<SBoxPanel::FSlot, TDefaultDelete<SBoxPanel::FSlot>>*, int)   [UnknownFile]) 
0x09d925c4 libUnrealEditor-SlateCore.dylib!SBoxPanel::~SBoxPanel()   [UnknownFile]) 
0x09b9b668 libUnrealEditor-SlateCore.dylib!SharedPointerInternals::TReferenceControllerBase<(ESPMode)1>::ReleaseSharedReferenceNoInline(SharedPointerInternals::TReferenceControllerBase<(ESPMode)1>*)   [UnknownFile]) 
0x09c810c8 libUnrealEditor-SlateCore.dylib!FSlotBase::~FSlotBase()   [UnknownFile]) 
0x09d973ec libUnrealEditor-SlateCore.dylib!SCompoundWidget::~SCompoundWidget()   [UnknownFile]) 
0x09b9b668 libUnrealEditor-SlateCore.dylib!SharedPointerInternals::TReferenceControllerBase<(ESPMode)1>::ReleaseSharedReferenceNoInline(SharedPointerInternals::TReferenceControllerBase<(ESPMode)1>*)   [UnknownFile]) 
0x09c810c8 libUnrealEditor-SlateCore.dylib!FSlotBase::~FSlotBase()   [UnknownFile]) 
0x093bc81c libUnrealEditor-Slate.dylib!SSplitter::FSlot::~FSlot()   [UnknownFile]) 
0x091304d4 libUnrealEditor-Slate.dylib!void DestructItems<TUniquePtr<SSplitter::FSlot, TDefaultDelete<SSplitter::FSlot>>, int>(TUniquePtr<SSplitter::FSlot, TDefaultDelete<SSplitter::FSlot>>*, int)   [UnknownFile]) 
0x09130468 libUnrealEditor-Slate.dylib!SharedPointerInternals::TIntrusiveReferenceController<SSplitter, (ESPMode)1>::DestroyObject()   [UnknownFile]) 
0x09b9b668 libUnrealEditor-SlateCore.dylib!SharedPointerInternals::TReferenceControllerBase<(ESPMode)1>::ReleaseSharedReferenceNoInline(SharedPointerInternals::TReferenceControllerBase<(ESPMode)1>*)   [UnknownFile]) 
0x09c810c8 libUnrealEditor-SlateCore.dylib!FSlotBase::~FSlotBase()   [UnknownFile]) 
0x09d973ec libUnrealEditor-SlateCore.dylib!SCompoundWidget::~SCompoundWidget()   [UnknownFile]) 
0x09b9b668 libUnrealEditor-SlateCore.dylib!SharedPointerInternals::TReferenceControllerBase<(ESPMode)1>::ReleaseSharedReferenceNoInline(SharedPointerInternals::TReferenceControllerBase<(ESPMode)1>*)   [UnknownFile]) 
0x09c810c8 libUnrealEditor-SlateCore.dylib!FSlotBase::~FSlotBase()   [UnknownFile]) 
