[2026.09.27-16.55.12:668][ 35]LogVrmRepro: Display: VRMREPRO load begin AvatarSample_E.vrm (19798112 bytes)
[2026.09.27-16.55.13:615][ 35]LogVrmRepro: Display: VRMREPRO load end ok=1 seconds=0.947
[2026.09.27-16.55.18:794][348]LogVrmRepro: Display: VRMREPRO spring=J_Sec_L_Bust1 joints=3 restMaxAngle=0.00deg restTailOffset=0.00cm cruiseTailOffsetX=-1.71cm
[2026.09.27-16.55.18:794][348]LogVrmRepro: Display: VRMREPRO spring=J_Sec_R_Bust1 joints=3 restMaxAngle=0.00deg restTailOffset=0.00cm cruiseTailOffsetX=-1.40cm
[2026.09.27-16.55.18:794][348]LogVrmRepro: Display: VRMREPRO spring=J_Sec_L_CoatSkirtBack_01 joints=3 restMaxAngle=0.00deg restTailOffset=0.00cm cruiseTailOffsetX=0.00cm
[2026.09.27-16.55.18:794][348]LogVrmRepro: Display: VRMREPRO spring=J_Sec_L_CoatSkirtFront_01 joints=3 restMaxAngle=0.00deg restTailOffset=0.00cm cruiseTailOffsetX=-0.11cm
[2026.09.27-16.55.18:794][348]LogVrmRepro: Display: VRMREPRO spring=J_Sec_L_CoatSkirtSide1_01 joints=4 restMaxAngle=0.00deg restTailOffset=0.00cm cruiseTailOffsetX=0.03cm
[2026.09.27-16.55.18:794][348]LogVrmRepro: Display: VRMREPRO spring=J_Sec_R_CoatSkirtBack_01 joints=3 restMaxAngle=0.00deg restTailOffset=0.00cm cruiseTailOffsetX=0.00cm
[2026.09.27-16.55.18:794][348]LogVrmRepro: Display: VRMREPRO spring=J_Sec_R_CoatSkirtFront_01 joints=3 restMaxAngle=0.00deg restTailOffset=0.00cm cruiseTailOffsetX=-0.10cm
[2026.09.27-16.55.18:794][348]LogVrmRepro: Display: VRMREPRO spring=J_Sec_R_CoatSkirtSide1_01 joints=4 restMaxAngle=0.00deg restTailOffset=0.00cm cruiseTailOffsetX=0.02cm
[2026.09.27-16.55.18:794][348]LogVrmRepro: Display: VRMREPRO spring=J_Sec_L_SkirtBack1_01 joints=4 restMaxAngle=0.00deg restTailOffset=0.00cm cruiseTailOffsetX=-3.93cm
[2026.09.27-16.55.18:794][348]LogVrmRepro: Display: VRMREPRO spring=J_Sec_L_SkirtFront1_01 joints=4 restMaxAngle=0.00deg restTailOffset=0.00cm cruiseTailOffsetX=-4.22cm
[2026.09.27-16.55.18:794][348]LogVrmRepro: Display: VRMREPRO spring=J_Sec_L_SkirtSide1_01 joints=4 restMaxAngle=0.00deg restTailOffset=0.00cm cruiseTailOffsetX=-3.75cm
[2026.09.27-16.55.18:794][348]LogVrmRepro: Display: VRMREPRO spring=J_Sec_R_SkirtBack1_01 joints=4 restMaxAngle=0.00deg restTailOffset=0.00cm cruiseTailOffsetX=-3.45cm
[2026.09.27-16.55.18:794][348]LogVrmRepro: Display: VRMREPRO spring=J_Sec_R_SkirtFront1_01 joints=4 restMaxAngle=0.00deg restTailOffset=0.00cm cruiseTailOffsetX=-3.81cm
[2026.09.27-16.55.18:794][348]LogVrmRepro: Display: VRMREPRO spring=J_Sec_R_SkirtSide1_01 joints=4 restMaxAngle=0.00deg restTailOffset=0.00cm cruiseTailOffsetX=-3.11cm
[2026.09.27-16.55.18:794][348]LogVrmRepro: Display: VRMREPRO spring=J_Sec_L_SkirtBack1_02 joints=4 restMaxAngle=0.00deg restTailOffset=0.00cm cruiseTailOffsetX=-3.93cm
[2026.09.27-16.55.18:794][348]LogVrmRepro: Display: VRMREPRO spring=J_Sec_L_SkirtFront1_02 joints=4 restMaxAngle=0.00deg restTailOffset=0.00cm cruiseTailOffsetX=-4.22cm
[2026.09.27-16.55.18:794][348]LogVrmRepro: Display: VRMREPRO spring=J_Sec_L_SkirtSide1_02 joints=4 restMaxAngle=0.00deg restTailOffset=0.00cm cruiseTailOffsetX=-3.75cm
[2026.09.27-16.55.18:794][348]LogVrmRepro: Display: VRMREPRO spring=J_Sec_R_SkirtBack1_02 joints=4 restMaxAngle=0.00deg restTailOffset=0.00cm cruiseTailOffsetX=-3.45cm
[2026.09.27-16.55.18:794][348]LogVrmRepro: Display: VRMREPRO spring=J_Sec_R_SkirtFront1_02 joints=4 restMaxAngle=0.00deg restTailOffset=0.00cm cruiseTailOffsetX=-3.81cm
[2026.09.27-16.55.18:794][348]LogVrmRepro: Display: VRMREPRO spring=J_Sec_R_SkirtSide1_02 joints=4 restMaxAngle=0.00deg restTailOffset=0.00cm cruiseTailOffsetX=-3.11cm
[2026.09.27-16.55.18:794][348]LogVrmRepro: Display: VRMREPRO spring=J_Sec_L_CoatSkirtBack_02 joints=3 restMaxAngle=0.00deg restTailOffset=0.00cm cruiseTailOffsetX=0.00cm
[2026.09.27-16.55.18:794][348]LogVrmRepro: Display: VRMREPRO spring=J_Sec_L_CoatSkirtFront_02 joints=3 restMaxAngle=0.00deg restTailOffset=0.00cm cruiseTailOffsetX=-0.11cm
[2026.09.27-16.55.18:794][348]LogVrmRepro: Display: VRMREPRO spring=J_Sec_L_CoatSkirtSide1_02 joints=4 restMaxAngle=0.00deg restTailOffset=0.00cm cruiseTailOffsetX=0.03cm
[2026.09.27-16.55.18:794][348]LogVrmRepro: Display: VRMREPRO spring=J_Sec_R_CoatSkirtBack_02 joints=3 restMaxAngle=0.00deg restTailOffset=0.00cm cruiseTailOffsetX=0.00cm
[2026.09.27-16.55.18:794][348]LogVrmRepro: Display: VRMREPRO spring=J_Sec_R_CoatSkirtFront_02 joints=3 restMaxAngle=0.00deg restTailOffset=0.00cm cruiseTailOffsetX=-0.10cm
[2026.09.27-16.55.18:794][348]LogVrmRepro: Display: VRMREPRO spring=J_Sec_R_CoatSkirtSide1_02 joints=4 restMaxAngle=0.00deg restTailOffset=0.00cm cruiseTailOffsetX=0.02cm
[2026.09.27-16.55.18:794][348]LogVrmRepro: Display: VRMREPRO spring=J_Sec_L_SkirtBack1_03 joints=4 restMaxAngle=0.00deg restTailOffset=0.00cm cruiseTailOffsetX=-3.93cm
[2026.09.27-16.55.18:794][348]LogVrmRepro: Display: VRMREPRO spring=J_Sec_L_SkirtFront1_03 joints=4 restMaxAngle=0.00deg restTailOffset=0.00cm cruiseTailOffsetX=-4.22cm
[2026.09.27-16.55.18:794][348]LogVrmRepro: Display: VRMREPRO spring=J_Sec_L_SkirtSide1_03 joints=4 restMaxAngle=0.00deg restTailOffset=0.00cm cruiseTailOffsetX=-3.75cm
[2026.09.27-16.55.18:794][348]LogVrmRepro: Display: VRMREPRO spring=J_Sec_R_SkirtBack1_03 joints=4 restMaxAngle=0.00deg restTailOffset=0.00cm cruiseTailOffsetX=-3.45cm
[2026.09.27-16.55.18:794][348]LogVrmRepro: Display: VRMREPRO spring=J_Sec_R_SkirtFront1_03 joints=4 restMaxAngle=0.00deg restTailOffset=0.00cm cruiseTailOffsetX=-3.81cm
[2026.09.27-16.55.18:794][348]LogVrmRepro: Display: VRMREPRO spring=J_Sec_R_SkirtSide1_03 joints=4 restMaxAngle=0.00deg restTailOffset=0.00cm cruiseTailOffsetX=-3.11cm
[2026.09.27-16.55.18:794][348]LogVrmRepro: Display: VRMREPRO spring=J_Opt_L_RabbitEar2_01 joints=3 restMaxAngle=0.00deg restTailOffset=0.00cm cruiseTailOffsetX=-4.09cm
[2026.09.27-16.55.18:794][348]LogVrmRepro: Display: VRMREPRO spring=J_Opt_R_RabbitEar2_01 joints=3 restMaxAngle=0.00deg restTailOffset=0.00cm cruiseTailOffsetX=-2.94cm
[2026.09.27-16.55.18:794][348]LogVrmRepro: Display: VRMREPRO spring=J_Opt_C_RabbitTail1_01 joints=4 restMaxAngle=0.00deg restTailOffset=0.00cm cruiseTailOffsetX=-16.42cm
[2026.09.27-16.55.18:794][348]LogVrmRepro: Display: VRMREPRO spring=J_Sec_Hair1_01 joints=4 restMaxAngle=0.00deg restTailOffset=0.00cm cruiseTailOffsetX=-7.66cm
[2026.09.27-16.55.18:794][348]LogVrmRepro: Display: VRMREPRO spring=J_Sec_Hair1_02 joints=4 restMaxAngle=0.00deg restTailOffset=0.00cm cruiseTailOffsetX=-5.85cm
[2026.09.27-16.55.18:795][348]LogVrmRepro: Display: VRMREPRO spring=J_Sec_Hair1_03 joints=4 restMaxAngle=0.00deg restTailOffset=0.00cm cruiseTailOffsetX=-5.35cm
[2026.09.27-16.55.18:795][348]LogVrmRepro: Display: VRMREPRO spring=J_Sec_Hair1_04 joints=4 restMaxAngle=0.00deg restTailOffset=0.00cm cruiseTailOffsetX=-2.85cm
[2026.09.27-16.55.18:795][348]LogVrmRepro: Display: VRMREPRO spring=J_Sec_Hair1_05 joints=4 restMaxAngle=0.00deg restTailOffset=0.00cm cruiseTailOffsetX=-5.47cm
[2026.09.27-16.55.18:795][348]LogVrmRepro: Display: VRMREPRO spring=J_Sec_Hair1_06 joints=5 restMaxAngle=0.00deg restTailOffset=0.00cm cruiseTailOffsetX=0.29cm
[2026.09.27-16.55.18:795][348]LogVrmRepro: Display: VRMREPRO spring=J_Sec_Hair1_07 joints=5 restMaxAngle=0.00deg restTailOffset=0.00cm cruiseTailOffsetX=-18.22cm
[2026.09.27-16.55.18:795][348]LogVrmRepro: Display: VRMREPRO spring=J_Sec_Hair1_08 joints=5 restMaxAngle=0.00deg restTailOffset=0.00cm cruiseTailOffsetX=-9.11cm
[2026.09.27-16.55.18:795][348]LogVrmRepro: Display: VRMREPRO spring=J_Sec_Hair1_09 joints=5 restMaxAngle=0.00deg restTailOffset=0.00cm cruiseTailOffsetX=-18.73cm
[2026.09.27-16.55.18:795][348]LogVrmRepro: Display: VRMREPRO spring=J_Sec_Hair1_10 joints=5 restMaxAngle=0.00deg restTailOffset=0.00cm cruiseTailOffsetX=-21.99cm
[2026.09.27-16.55.18:795][348]LogVrmRepro: Display: VRMREPRO result {
[2026.09.27-16.55.18:919][349]LogMac: === Critical error: ===
---- crash context ----
[2026.09.27-16.55.18:919][349]LogMac: === Critical error: ===
SIGSEGV: invalid attempt to access memory at address 0x60

[2026.09.27-16.55.18:919][349]LogMac: 0x0f7176a0 libUnrealEditor-UnrealEd.dylib!UAssetEditorSubsystem::FindEditorsForAssetAndSubObjects(UObject*)   [UnknownFile]) 
0x0f712a38 libUnrealEditor-UnrealEd.dylib!UAssetEditorSubsystem::CloseAllEditorsForAsset(UObject*)   [UnknownFile]) 
0x0f3f0d64 libUnrealEditor-UnrealEd.dylib!UEditorEngine::EndPlayMap()   [UnknownFile]) 
0x0e63add0 libUnrealEditor-UnrealEd.dylib!FAssetEditorViewportLayout::~FAssetEditorViewportLayout()   [UnknownFile]) 
0x1e317e88 libUnrealEditor-LevelEditor.dylib!FLevelViewportLayout::~FLevelViewportLayout()   [UnknownFile]) 
0x1e317ec8 libUnrealEditor-LevelEditor.dylib!FLevelViewportLayout::~FLevelViewportLayout()   [UnknownFile]) 
0x1e255678 libUnrealEditor-LevelEditor.dylib!SharedPointerInternals::TReferenceControllerBase<(ESPMode)1>::ReleaseSharedReferenceNoInline(SharedPointerInternals::TReferenceControllerBase<(ESPMode)1>*)   [UnknownFile]) 
0x1e33c2a8 libUnrealEditor-LevelEditor.dylib!FViewportTabContent::~FViewportTabContent()   [UnknownFile]) 
0x1e31cb38 libUnrealEditor-LevelEditor.dylib!FLevelViewportTabContent::~FLevelViewportTabContent()   [UnknownFile]) 
0x0e5cb9b4 libUnrealEditor-UnrealEd.dylib!SharedPointerInternals::TReferenceControllerBase<(ESPMode)1>::ReleaseSharedReferenceNoInline(SharedPointerInternals::TReferenceControllerBase<(ESPMode)1>*)   [UnknownFile]) 
0x0e69280c libUnrealEditor-UnrealEd.dylib!SharedPointerInternals::TIntrusiveReferenceController<SAssetEditorViewportsOverlay, (ESPMode)1>::DestroyObject()   [UnknownFile]) 
0x078b7668 libUnrealEditor-SlateCore.dylib!SharedPointerInternals::TReferenceControllerBase<(ESPMode)1>::ReleaseSharedReferenceNoInline(SharedPointerInternals::TReferenceControllerBase<(ESPMode)1>*)   [UnknownFile]) 
0x0799d0c8 libUnrealEditor-SlateCore.dylib!FSlotBase::~FSlotBase()   [UnknownFile]) 
0x07ab33ec libUnrealEditor-SlateCore.dylib!SCompoundWidget::~SCompoundWidget()   [UnknownFile]) 
0x078b7668 libUnrealEditor-SlateCore.dylib!SharedPointerInternals::TReferenceControllerBase<(ESPMode)1>::ReleaseSharedReferenceNoInline(SharedPointerInternals::TReferenceControllerBase<(ESPMode)1>*)   [UnknownFile]) 
0x0799d0c8 libUnrealEditor-SlateCore.dylib!FSlotBase::~FSlotBase()   [UnknownFile]) 
0x07ae0728 libUnrealEditor-SlateCore.dylib!SOverlay::FOverlaySlot::~FOverlaySlot()   [UnknownFile]) 
0x07ad12fc libUnrealEditor-SlateCore.dylib!void DestructItems<TUniquePtr<SOverlay::FOverlaySlot, TDefaultDelete<SOverlay::FOverlaySlot>>, int>(TUniquePtr<SOverlay::FOverlaySlot, TDefaultDelete<SOverlay::FOverlaySlot>>*, int)   [UnknownFile]) 
0x07ab4370 libUnrealEditor-SlateCore.dylib!SOverlay::~SOverlay()   [UnknownFile]) 
0x078b7668 libUnrealEditor-SlateCore.dylib!SharedPointerInternals::TReferenceControllerBase<(ESPMode)1>::ReleaseSharedReferenceNoInline(SharedPointerInternals::TReferenceControllerBase<(ESPMode)1>*)   [UnknownFile]) 
0x0799d0c8 libUnrealEditor-SlateCore.dylib!FSlotBase::~FSlotBase()   [UnknownFile]) 
0x06e222a8 libUnrealEditor-Slate.dylib!SVerticalBox::FSlot::~FSlot()   [UnknownFile]) 
0x07ad03dc libUnrealEditor-SlateCore.dylib!void DestructItems<TUniquePtr<SBoxPanel::FSlot, TDefaultDelete<SBoxPanel::FSlot>>, int>(TUniquePtr<SBoxPanel::FSlot, TDefaultDelete<SBoxPanel::FSlot>>*, int)   [UnknownFile]) 
0x07aae5c4 libUnrealEditor-SlateCore.dylib!SBoxPanel::~SBoxPanel()   [UnknownFile]) 
0x078b7668 libUnrealEditor-SlateCore.dylib!SharedPointerInternals::TReferenceControllerBase<(ESPMode)1>::ReleaseSharedReferenceNoInline(SharedPointerInternals::TReferenceControllerBase<(ESPMode)1>*)   [UnknownFile]) 
0x0799d0c8 libUnrealEditor-SlateCore.dylib!FSlotBase::~FSlotBase()   [UnknownFile]) 
0x07ab33ec libUnrealEditor-SlateCore.dylib!SCompoundWidget::~SCompoundWidget()   [UnknownFile]) 
0x078b7668 libUnrealEditor-SlateCore.dylib!SharedPointerInternals::TReferenceControllerBase<(ESPMode)1>::ReleaseSharedReferenceNoInline(SharedPointerInternals::TReferenceControllerBase<(ESPMode)1>*)   [UnknownFile]) 
0x0799d0c8 libUnrealEditor-SlateCore.dylib!FSlotBase::~FSlotBase()   [UnknownFile]) 
0x070d881c libUnrealEditor-Slate.dylib!SSplitter::FSlot::~FSlot()   [UnknownFile]) 
0x06e4c4d4 libUnrealEditor-Slate.dylib!void DestructItems<TUniquePtr<SSplitter::FSlot, TDefaultDelete<SSplitter::FSlot>>, int>(TUniquePtr<SSplitter::FSlot, TDefaultDelete<SSplitter::FSlot>>*, int)   [UnknownFile]) 
0x06e4c468 libUnrealEditor-Slate.dylib!SharedPointerInternals::TIntrusiveReferenceController<SSplitter, (ESPMode)1>::DestroyObject()   [UnknownFile]) 
0x078b7668 libUnrealEditor-SlateCore.dylib!SharedPointerInternals::TReferenceControllerBase<(ESPMode)1>::ReleaseSharedReferenceNoInline(SharedPointerInternals::TReferenceControllerBase<(ESPMode)1>*)   [UnknownFile]) 
0x0799d0c8 libUnrealEditor-SlateCore.dylib!FSlotBase::~FSlotBase()   [UnknownFile]) 
0x07ab33ec libUnrealEditor-SlateCore.dylib!SCompoundWidget::~SCompoundWidget()   [UnknownFile]) 
0x078b7668 libUnrealEditor-SlateCore.dylib!SharedPointerInternals::TReferenceControllerBase<(ESPMode)1>::ReleaseSharedReferenceNoInline(SharedPointerInternals::TReferenceControllerBase<(ESPMode)1>*)   [UnknownFile]) 
0x0799d0c8 libUnrealEditor-SlateCore.dylib!FSlotBase::~FSlotBase()   [UnknownFile]) 
