[2026.09.27-16.57.34:280][ 35]LogVrmRepro: Display: VRMREPRO load begin AvatarSample_E.vrm (19798112 bytes)
[2026.09.27-16.57.35:219][ 35]LogVrmRepro: Display: VRMREPRO load end ok=1 seconds=0.939
[2026.09.27-16.57.39:295][263]LogVrmRepro: Display: VRMREPRO spring=J_Sec_L_Bust1 joints=3 restMaxAngle=0.00deg restTailOffset=0.00cm cruiseTailOffsetX=-1.72cm
[2026.09.27-16.57.39:295][263]LogVrmRepro: Display: VRMREPRO spring=J_Sec_R_Bust1 joints=3 restMaxAngle=0.00deg restTailOffset=0.00cm cruiseTailOffsetX=-1.40cm
[2026.09.27-16.57.39:295][263]LogVrmRepro: Display: VRMREPRO spring=J_Sec_L_CoatSkirtBack_01 joints=3 restMaxAngle=0.00deg restTailOffset=0.00cm cruiseTailOffsetX=-0.03cm
[2026.09.27-16.57.39:295][263]LogVrmRepro: Display: VRMREPRO spring=J_Sec_L_CoatSkirtFront_01 joints=3 restMaxAngle=0.00deg restTailOffset=0.00cm cruiseTailOffsetX=-0.14cm
[2026.09.27-16.57.39:295][263]LogVrmRepro: Display: VRMREPRO spring=J_Sec_L_CoatSkirtSide1_01 joints=4 restMaxAngle=0.00deg restTailOffset=0.00cm cruiseTailOffsetX=0.08cm
[2026.09.27-16.57.39:295][263]LogVrmRepro: Display: VRMREPRO spring=J_Sec_R_CoatSkirtBack_01 joints=3 restMaxAngle=0.00deg restTailOffset=0.00cm cruiseTailOffsetX=-0.03cm
[2026.09.27-16.57.39:295][263]LogVrmRepro: Display: VRMREPRO spring=J_Sec_R_CoatSkirtFront_01 joints=3 restMaxAngle=0.00deg restTailOffset=0.00cm cruiseTailOffsetX=-0.13cm
[2026.09.27-16.57.39:295][263]LogVrmRepro: Display: VRMREPRO spring=J_Sec_R_CoatSkirtSide1_01 joints=4 restMaxAngle=0.00deg restTailOffset=0.00cm cruiseTailOffsetX=0.05cm
[2026.09.27-16.57.39:295][263]LogVrmRepro: Display: VRMREPRO spring=J_Sec_L_SkirtBack1_01 joints=4 restMaxAngle=0.00deg restTailOffset=0.00cm cruiseTailOffsetX=-3.96cm
[2026.09.27-16.57.39:295][263]LogVrmRepro: Display: VRMREPRO spring=J_Sec_L_SkirtFront1_01 joints=4 restMaxAngle=0.00deg restTailOffset=0.00cm cruiseTailOffsetX=-4.24cm
[2026.09.27-16.57.39:295][263]LogVrmRepro: Display: VRMREPRO spring=J_Sec_L_SkirtSide1_01 joints=4 restMaxAngle=0.00deg restTailOffset=0.00cm cruiseTailOffsetX=-3.78cm
[2026.09.27-16.57.39:295][263]LogVrmRepro: Display: VRMREPRO spring=J_Sec_R_SkirtBack1_01 joints=4 restMaxAngle=0.00deg restTailOffset=0.00cm cruiseTailOffsetX=-3.47cm
[2026.09.27-16.57.39:295][263]LogVrmRepro: Display: VRMREPRO spring=J_Sec_R_SkirtFront1_01 joints=4 restMaxAngle=0.00deg restTailOffset=0.00cm cruiseTailOffsetX=-3.83cm
[2026.09.27-16.57.39:295][263]LogVrmRepro: Display: VRMREPRO spring=J_Sec_R_SkirtSide1_01 joints=4 restMaxAngle=0.00deg restTailOffset=0.00cm cruiseTailOffsetX=-3.13cm
[2026.09.27-16.57.39:295][263]LogVrmRepro: Display: VRMREPRO spring=J_Sec_L_SkirtBack1_02 joints=4 restMaxAngle=0.00deg restTailOffset=0.00cm cruiseTailOffsetX=-3.96cm
[2026.09.27-16.57.39:295][263]LogVrmRepro: Display: VRMREPRO spring=J_Sec_L_SkirtFront1_02 joints=4 restMaxAngle=0.00deg restTailOffset=0.00cm cruiseTailOffsetX=-4.24cm
[2026.09.27-16.57.39:295][263]LogVrmRepro: Display: VRMREPRO spring=J_Sec_L_SkirtSide1_02 joints=4 restMaxAngle=0.00deg restTailOffset=0.00cm cruiseTailOffsetX=-3.78cm
[2026.09.27-16.57.39:295][263]LogVrmRepro: Display: VRMREPRO spring=J_Sec_R_SkirtBack1_02 joints=4 restMaxAngle=0.00deg restTailOffset=0.00cm cruiseTailOffsetX=-3.47cm
[2026.09.27-16.57.39:295][263]LogVrmRepro: Display: VRMREPRO spring=J_Sec_R_SkirtFront1_02 joints=4 restMaxAngle=0.00deg restTailOffset=0.00cm cruiseTailOffsetX=-3.83cm
[2026.09.27-16.57.39:295][263]LogVrmRepro: Display: VRMREPRO spring=J_Sec_R_SkirtSide1_02 joints=4 restMaxAngle=0.00deg restTailOffset=0.00cm cruiseTailOffsetX=-3.13cm
[2026.09.27-16.57.39:295][263]LogVrmRepro: Display: VRMREPRO spring=J_Sec_L_CoatSkirtBack_02 joints=3 restMaxAngle=0.00deg restTailOffset=0.00cm cruiseTailOffsetX=-0.03cm
[2026.09.27-16.57.39:295][263]LogVrmRepro: Display: VRMREPRO spring=J_Sec_L_CoatSkirtFront_02 joints=3 restMaxAngle=0.00deg restTailOffset=0.00cm cruiseTailOffsetX=-0.14cm
[2026.09.27-16.57.39:295][263]LogVrmRepro: Display: VRMREPRO spring=J_Sec_L_CoatSkirtSide1_02 joints=4 restMaxAngle=0.00deg restTailOffset=0.00cm cruiseTailOffsetX=0.08cm
[2026.09.27-16.57.39:295][263]LogVrmRepro: Display: VRMREPRO spring=J_Sec_R_CoatSkirtBack_02 joints=3 restMaxAngle=0.00deg restTailOffset=0.00cm cruiseTailOffsetX=-0.03cm
[2026.09.27-16.57.39:295][263]LogVrmRepro: Display: VRMREPRO spring=J_Sec_R_CoatSkirtFront_02 joints=3 restMaxAngle=0.00deg restTailOffset=0.00cm cruiseTailOffsetX=-0.13cm
[2026.09.27-16.57.39:296][263]LogVrmRepro: Display: VRMREPRO spring=J_Sec_R_CoatSkirtSide1_02 joints=4 restMaxAngle=0.00deg restTailOffset=0.00cm cruiseTailOffsetX=0.05cm
[2026.09.27-16.57.39:296][263]LogVrmRepro: Display: VRMREPRO spring=J_Sec_L_SkirtBack1_03 joints=4 restMaxAngle=0.00deg restTailOffset=0.00cm cruiseTailOffsetX=-3.96cm
[2026.09.27-16.57.39:296][263]LogVrmRepro: Display: VRMREPRO spring=J_Sec_L_SkirtFront1_03 joints=4 restMaxAngle=0.00deg restTailOffset=0.00cm cruiseTailOffsetX=-4.24cm
[2026.09.27-16.57.39:296][263]LogVrmRepro: Display: VRMREPRO spring=J_Sec_L_SkirtSide1_03 joints=4 restMaxAngle=0.00deg restTailOffset=0.00cm cruiseTailOffsetX=-3.78cm
[2026.09.27-16.57.39:296][263]LogVrmRepro: Display: VRMREPRO spring=J_Sec_R_SkirtBack1_03 joints=4 restMaxAngle=0.00deg restTailOffset=0.00cm cruiseTailOffsetX=-3.47cm
[2026.09.27-16.57.39:296][263]LogVrmRepro: Display: VRMREPRO spring=J_Sec_R_SkirtFront1_03 joints=4 restMaxAngle=0.00deg restTailOffset=0.00cm cruiseTailOffsetX=-3.83cm
[2026.09.27-16.57.39:296][263]LogVrmRepro: Display: VRMREPRO spring=J_Sec_R_SkirtSide1_03 joints=4 restMaxAngle=0.00deg restTailOffset=0.00cm cruiseTailOffsetX=-3.13cm
[2026.09.27-16.57.39:296][263]LogVrmRepro: Display: VRMREPRO spring=J_Opt_L_RabbitEar2_01 joints=3 restMaxAngle=0.00deg restTailOffset=0.00cm cruiseTailOffsetX=-4.09cm
[2026.09.27-16.57.39:296][263]LogVrmRepro: Display: VRMREPRO spring=J_Opt_R_RabbitEar2_01 joints=3 restMaxAngle=0.00deg restTailOffset=0.00cm cruiseTailOffsetX=-2.94cm
[2026.09.27-16.57.39:296][263]LogVrmRepro: Display: VRMREPRO spring=J_Opt_C_RabbitTail1_01 joints=4 restMaxAngle=0.00deg restTailOffset=0.00cm cruiseTailOffsetX=-16.42cm
[2026.09.27-16.57.39:296][263]LogVrmRepro: Display: VRMREPRO spring=J_Sec_Hair1_01 joints=4 restMaxAngle=0.00deg restTailOffset=0.00cm cruiseTailOffsetX=-7.66cm
[2026.09.27-16.57.39:296][263]LogVrmRepro: Display: VRMREPRO spring=J_Sec_Hair1_02 joints=4 restMaxAngle=0.00deg restTailOffset=0.00cm cruiseTailOffsetX=-5.85cm
[2026.09.27-16.57.39:296][263]LogVrmRepro: Display: VRMREPRO spring=J_Sec_Hair1_03 joints=4 restMaxAngle=0.00deg restTailOffset=0.00cm cruiseTailOffsetX=-5.35cm
[2026.09.27-16.57.39:296][263]LogVrmRepro: Display: VRMREPRO spring=J_Sec_Hair1_04 joints=4 restMaxAngle=0.00deg restTailOffset=0.00cm cruiseTailOffsetX=-2.85cm
[2026.09.27-16.57.39:296][263]LogVrmRepro: Display: VRMREPRO spring=J_Sec_Hair1_05 joints=4 restMaxAngle=0.00deg restTailOffset=0.00cm cruiseTailOffsetX=-5.47cm
[2026.09.27-16.57.39:296][263]LogVrmRepro: Display: VRMREPRO spring=J_Sec_Hair1_06 joints=5 restMaxAngle=135.43deg restTailOffset=0.00cm cruiseTailOffsetX=0.30cm
[2026.09.27-16.57.39:296][263]LogVrmRepro: Display: VRMREPRO spring=J_Sec_Hair1_07 joints=5 restMaxAngle=134.15deg restTailOffset=0.00cm cruiseTailOffsetX=-18.22cm
[2026.09.27-16.57.39:296][263]LogVrmRepro: Display: VRMREPRO spring=J_Sec_Hair1_08 joints=5 restMaxAngle=0.00deg restTailOffset=0.00cm cruiseTailOffsetX=-9.11cm
[2026.09.27-16.57.39:296][263]LogVrmRepro: Display: VRMREPRO spring=J_Sec_Hair1_09 joints=5 restMaxAngle=0.00deg restTailOffset=0.00cm cruiseTailOffsetX=-18.73cm
[2026.09.27-16.57.39:296][263]LogVrmRepro: Display: VRMREPRO spring=J_Sec_Hair1_10 joints=5 restMaxAngle=0.00deg restTailOffset=0.00cm cruiseTailOffsetX=-21.99cm
[2026.09.27-16.57.39:296][263]LogVrmRepro: Display: VRMREPRO result {
[2026.09.27-16.57.39:418][264]LogMac: === Critical error: ===
---- crash context ----
[2026.09.27-16.57.39:418][264]LogMac: === Critical error: ===
SIGSEGV: invalid attempt to access memory at address 0x60

[2026.09.27-16.57.39:418][264]LogMac: 0x123bf6a0 libUnrealEditor-UnrealEd.dylib!UAssetEditorSubsystem::FindEditorsForAssetAndSubObjects(UObject*)   [UnknownFile]) 
0x123baa38 libUnrealEditor-UnrealEd.dylib!UAssetEditorSubsystem::CloseAllEditorsForAsset(UObject*)   [UnknownFile]) 
0x12098d64 libUnrealEditor-UnrealEd.dylib!UEditorEngine::EndPlayMap()   [UnknownFile]) 
0x112e2dd0 libUnrealEditor-UnrealEd.dylib!FAssetEditorViewportLayout::~FAssetEditorViewportLayout()   [UnknownFile]) 
0x21753e88 libUnrealEditor-LevelEditor.dylib!FLevelViewportLayout::~FLevelViewportLayout()   [UnknownFile]) 
0x21753ec8 libUnrealEditor-LevelEditor.dylib!FLevelViewportLayout::~FLevelViewportLayout()   [UnknownFile]) 
0x21691678 libUnrealEditor-LevelEditor.dylib!SharedPointerInternals::TReferenceControllerBase<(ESPMode)1>::ReleaseSharedReferenceNoInline(SharedPointerInternals::TReferenceControllerBase<(ESPMode)1>*)   [UnknownFile]) 
0x217782a8 libUnrealEditor-LevelEditor.dylib!FViewportTabContent::~FViewportTabContent()   [UnknownFile]) 
0x21758b38 libUnrealEditor-LevelEditor.dylib!FLevelViewportTabContent::~FLevelViewportTabContent()   [UnknownFile]) 
0x112739b4 libUnrealEditor-UnrealEd.dylib!SharedPointerInternals::TReferenceControllerBase<(ESPMode)1>::ReleaseSharedReferenceNoInline(SharedPointerInternals::TReferenceControllerBase<(ESPMode)1>*)   [UnknownFile]) 
0x1133a80c libUnrealEditor-UnrealEd.dylib!SharedPointerInternals::TIntrusiveReferenceController<SAssetEditorViewportsOverlay, (ESPMode)1>::DestroyObject()   [UnknownFile]) 
0x0a55f668 libUnrealEditor-SlateCore.dylib!SharedPointerInternals::TReferenceControllerBase<(ESPMode)1>::ReleaseSharedReferenceNoInline(SharedPointerInternals::TReferenceControllerBase<(ESPMode)1>*)   [UnknownFile]) 
0x0a6450c8 libUnrealEditor-SlateCore.dylib!FSlotBase::~FSlotBase()   [UnknownFile]) 
0x0a75b3ec libUnrealEditor-SlateCore.dylib!SCompoundWidget::~SCompoundWidget()   [UnknownFile]) 
0x0a55f668 libUnrealEditor-SlateCore.dylib!SharedPointerInternals::TReferenceControllerBase<(ESPMode)1>::ReleaseSharedReferenceNoInline(SharedPointerInternals::TReferenceControllerBase<(ESPMode)1>*)   [UnknownFile]) 
0x0a6450c8 libUnrealEditor-SlateCore.dylib!FSlotBase::~FSlotBase()   [UnknownFile]) 
0x0a788728 libUnrealEditor-SlateCore.dylib!SOverlay::FOverlaySlot::~FOverlaySlot()   [UnknownFile]) 
0x0a7792fc libUnrealEditor-SlateCore.dylib!void DestructItems<TUniquePtr<SOverlay::FOverlaySlot, TDefaultDelete<SOverlay::FOverlaySlot>>, int>(TUniquePtr<SOverlay::FOverlaySlot, TDefaultDelete<SOverlay::FOverlaySlot>>*, int)   [UnknownFile]) 
0x0a75c370 libUnrealEditor-SlateCore.dylib!SOverlay::~SOverlay()   [UnknownFile]) 
0x0a55f668 libUnrealEditor-SlateCore.dylib!SharedPointerInternals::TReferenceControllerBase<(ESPMode)1>::ReleaseSharedReferenceNoInline(SharedPointerInternals::TReferenceControllerBase<(ESPMode)1>*)   [UnknownFile]) 
0x0a6450c8 libUnrealEditor-SlateCore.dylib!FSlotBase::~FSlotBase()   [UnknownFile]) 
0x09aca2a8 libUnrealEditor-Slate.dylib!SVerticalBox::FSlot::~FSlot()   [UnknownFile]) 
0x0a7783dc libUnrealEditor-SlateCore.dylib!void DestructItems<TUniquePtr<SBoxPanel::FSlot, TDefaultDelete<SBoxPanel::FSlot>>, int>(TUniquePtr<SBoxPanel::FSlot, TDefaultDelete<SBoxPanel::FSlot>>*, int)   [UnknownFile]) 
0x0a7565c4 libUnrealEditor-SlateCore.dylib!SBoxPanel::~SBoxPanel()   [UnknownFile]) 
0x0a55f668 libUnrealEditor-SlateCore.dylib!SharedPointerInternals::TReferenceControllerBase<(ESPMode)1>::ReleaseSharedReferenceNoInline(SharedPointerInternals::TReferenceControllerBase<(ESPMode)1>*)   [UnknownFile]) 
0x0a6450c8 libUnrealEditor-SlateCore.dylib!FSlotBase::~FSlotBase()   [UnknownFile]) 
0x0a75b3ec libUnrealEditor-SlateCore.dylib!SCompoundWidget::~SCompoundWidget()   [UnknownFile]) 
0x0a55f668 libUnrealEditor-SlateCore.dylib!SharedPointerInternals::TReferenceControllerBase<(ESPMode)1>::ReleaseSharedReferenceNoInline(SharedPointerInternals::TReferenceControllerBase<(ESPMode)1>*)   [UnknownFile]) 
0x0a6450c8 libUnrealEditor-SlateCore.dylib!FSlotBase::~FSlotBase()   [UnknownFile]) 
0x09d8081c libUnrealEditor-Slate.dylib!SSplitter::FSlot::~FSlot()   [UnknownFile]) 
0x09af44d4 libUnrealEditor-Slate.dylib!void DestructItems<TUniquePtr<SSplitter::FSlot, TDefaultDelete<SSplitter::FSlot>>, int>(TUniquePtr<SSplitter::FSlot, TDefaultDelete<SSplitter::FSlot>>*, int)   [UnknownFile]) 
0x09af4468 libUnrealEditor-Slate.dylib!SharedPointerInternals::TIntrusiveReferenceController<SSplitter, (ESPMode)1>::DestroyObject()   [UnknownFile]) 
0x0a55f668 libUnrealEditor-SlateCore.dylib!SharedPointerInternals::TReferenceControllerBase<(ESPMode)1>::ReleaseSharedReferenceNoInline(SharedPointerInternals::TReferenceControllerBase<(ESPMode)1>*)   [UnknownFile]) 
0x0a6450c8 libUnrealEditor-SlateCore.dylib!FSlotBase::~FSlotBase()   [UnknownFile]) 
0x0a75b3ec libUnrealEditor-SlateCore.dylib!SCompoundWidget::~SCompoundWidget()   [UnknownFile]) 
0x0a55f668 libUnrealEditor-SlateCore.dylib!SharedPointerInternals::TReferenceControllerBase<(ESPMode)1>::ReleaseSharedReferenceNoInline(SharedPointerInternals::TReferenceControllerBase<(ESPMode)1>*)   [UnknownFile]) 
0x0a6450c8 libUnrealEditor-SlateCore.dylib!FSlotBase::~FSlotBase()   [UnknownFile]) 
