[2026.09.27-16.28.51:590][ 35]LogVrmRepro: Display: VRMREPRO load begin Seed-san.vrm (10917800 bytes)
[2026.09.27-16.28.52:202][ 35]LogVrmRepro: Display: VRMREPRO load end ok=1 seconds=0.613
[2026.09.27-16.28.52:203][ 35]LogVrmRepro: Display: VRMREPRO result {
[2026.09.27-16.28.52:277][ 36]LogMac: === Critical error: ===
---- crash context ----
[2026.09.27-16.28.52:277][ 36]LogMac: === Critical error: ===
SIGSEGV: invalid attempt to access memory at address 0x60

[2026.09.27-16.28.52:277][ 36]LogMac: 0x117636a0 libUnrealEditor-UnrealEd.dylib!UAssetEditorSubsystem::FindEditorsForAssetAndSubObjects(UObject*)   [UnknownFile]) 
0x1175ea38 libUnrealEditor-UnrealEd.dylib!UAssetEditorSubsystem::CloseAllEditorsForAsset(UObject*)   [UnknownFile]) 
0x1143cd64 libUnrealEditor-UnrealEd.dylib!UEditorEngine::EndPlayMap()   [UnknownFile]) 
0x10686dd0 libUnrealEditor-UnrealEd.dylib!FAssetEditorViewportLayout::~FAssetEditorViewportLayout()   [UnknownFile]) 
0x20af7e88 libUnrealEditor-LevelEditor.dylib!FLevelViewportLayout::~FLevelViewportLayout()   [UnknownFile]) 
0x20af7ec8 libUnrealEditor-LevelEditor.dylib!FLevelViewportLayout::~FLevelViewportLayout()   [UnknownFile]) 
0x20a35678 libUnrealEditor-LevelEditor.dylib!SharedPointerInternals::TReferenceControllerBase<(ESPMode)1>::ReleaseSharedReferenceNoInline(SharedPointerInternals::TReferenceControllerBase<(ESPMode)1>*)   [UnknownFile]) 
0x20b1c2a8 libUnrealEditor-LevelEditor.dylib!FViewportTabContent::~FViewportTabContent()   [UnknownFile]) 
0x20afcb38 libUnrealEditor-LevelEditor.dylib!FLevelViewportTabContent::~FLevelViewportTabContent()   [UnknownFile]) 
0x106179b4 libUnrealEditor-UnrealEd.dylib!SharedPointerInternals::TReferenceControllerBase<(ESPMode)1>::ReleaseSharedReferenceNoInline(SharedPointerInternals::TReferenceControllerBase<(ESPMode)1>*)   [UnknownFile]) 
0x106de80c libUnrealEditor-UnrealEd.dylib!SharedPointerInternals::TIntrusiveReferenceController<SAssetEditorViewportsOverlay, (ESPMode)1>::DestroyObject()   [UnknownFile]) 
0x09903668 libUnrealEditor-SlateCore.dylib!SharedPointerInternals::TReferenceControllerBase<(ESPMode)1>::ReleaseSharedReferenceNoInline(SharedPointerInternals::TReferenceControllerBase<(ESPMode)1>*)   [UnknownFile]) 
0x099e90c8 libUnrealEditor-SlateCore.dylib!FSlotBase::~FSlotBase()   [UnknownFile]) 
0x09aff3ec libUnrealEditor-SlateCore.dylib!SCompoundWidget::~SCompoundWidget()   [UnknownFile]) 
0x09903668 libUnrealEditor-SlateCore.dylib!SharedPointerInternals::TReferenceControllerBase<(ESPMode)1>::ReleaseSharedReferenceNoInline(SharedPointerInternals::TReferenceControllerBase<(ESPMode)1>*)   [UnknownFile]) 
0x099e90c8 libUnrealEditor-SlateCore.dylib!FSlotBase::~FSlotBase()   [UnknownFile]) 
0x09b2c728 libUnrealEditor-SlateCore.dylib!SOverlay::FOverlaySlot::~FOverlaySlot()   [UnknownFile]) 
0x09b1d2fc libUnrealEditor-SlateCore.dylib!void DestructItems<TUniquePtr<SOverlay::FOverlaySlot, TDefaultDelete<SOverlay::FOverlaySlot>>, int>(TUniquePtr<SOverlay::FOverlaySlot, TDefaultDelete<SOverlay::FOverlaySlot>>*, int)   [UnknownFile]) 
0x09b00370 libUnrealEditor-SlateCore.dylib!SOverlay::~SOverlay()   [UnknownFile]) 
0x09903668 libUnrealEditor-SlateCore.dylib!SharedPointerInternals::TReferenceControllerBase<(ESPMode)1>::ReleaseSharedReferenceNoInline(SharedPointerInternals::TReferenceControllerBase<(ESPMode)1>*)   [UnknownFile]) 
0x099e90c8 libUnrealEditor-SlateCore.dylib!FSlotBase::~FSlotBase()   [UnknownFile]) 
0x08e6e2a8 libUnrealEditor-Slate.dylib!SVerticalBox::FSlot::~FSlot()   [UnknownFile]) 
0x09b1c3dc libUnrealEditor-SlateCore.dylib!void DestructItems<TUniquePtr<SBoxPanel::FSlot, TDefaultDelete<SBoxPanel::FSlot>>, int>(TUniquePtr<SBoxPanel::FSlot, TDefaultDelete<SBoxPanel::FSlot>>*, int)   [UnknownFile]) 
0x09afa5c4 libUnrealEditor-SlateCore.dylib!SBoxPanel::~SBoxPanel()   [UnknownFile]) 
0x09903668 libUnrealEditor-SlateCore.dylib!SharedPointerInternals::TReferenceControllerBase<(ESPMode)1>::ReleaseSharedReferenceNoInline(SharedPointerInternals::TReferenceControllerBase<(ESPMode)1>*)   [UnknownFile]) 
0x099e90c8 libUnrealEditor-SlateCore.dylib!FSlotBase::~FSlotBase()   [UnknownFile]) 
0x09aff3ec libUnrealEditor-SlateCore.dylib!SCompoundWidget::~SCompoundWidget()   [UnknownFile]) 
0x09903668 libUnrealEditor-SlateCore.dylib!SharedPointerInternals::TReferenceControllerBase<(ESPMode)1>::ReleaseSharedReferenceNoInline(SharedPointerInternals::TReferenceControllerBase<(ESPMode)1>*)   [UnknownFile]) 
0x099e90c8 libUnrealEditor-SlateCore.dylib!FSlotBase::~FSlotBase()   [UnknownFile]) 
0x0912481c libUnrealEditor-Slate.dylib!SSplitter::FSlot::~FSlot()   [UnknownFile]) 
0x08e984d4 libUnrealEditor-Slate.dylib!void DestructItems<TUniquePtr<SSplitter::FSlot, TDefaultDelete<SSplitter::FSlot>>, int>(TUniquePtr<SSplitter::FSlot, TDefaultDelete<SSplitter::FSlot>>*, int)   [UnknownFile]) 
0x08e98468 libUnrealEditor-Slate.dylib!SharedPointerInternals::TIntrusiveReferenceController<SSplitter, (ESPMode)1>::DestroyObject()   [UnknownFile]) 
0x09903668 libUnrealEditor-SlateCore.dylib!SharedPointerInternals::TReferenceControllerBase<(ESPMode)1>::ReleaseSharedReferenceNoInline(SharedPointerInternals::TReferenceControllerBase<(ESPMode)1>*)   [UnknownFile]) 
0x099e90c8 libUnrealEditor-SlateCore.dylib!FSlotBase::~FSlotBase()   [UnknownFile]) 
0x09aff3ec libUnrealEditor-SlateCore.dylib!SCompoundWidget::~SCompoundWidget()   [UnknownFile]) 
0x09903668 libUnrealEditor-SlateCore.dylib!SharedPointerInternals::TReferenceControllerBase<(ESPMode)1>::ReleaseSharedReferenceNoInline(SharedPointerInternals::TReferenceControllerBase<(ESPMode)1>*)   [UnknownFile]) 
0x099e90c8 libUnrealEditor-SlateCore.dylib!FSlotBase::~FSlotBase()   [UnknownFile]) 
