[2026.09.27-16.56.07:945][ 35]LogVrmRepro: Display: VRMREPRO load begin AvatarSample_E.vrm (19798112 bytes)
[2026.09.27-16.56.08:883][ 35]LogVrmRepro: Display: VRMREPRO load end ok=1 seconds=0.937
[2026.09.27-16.56.12:978][283]LogVrmRepro: Display: VRMREPRO spring=J_Sec_L_Bust1 joints=3 restMaxAngle=0.00deg restTailOffset=0.00cm cruiseTailOffsetX=-1.87cm
[2026.09.27-16.56.12:978][283]LogVrmRepro: Display: VRMREPRO spring=J_Sec_R_Bust1 joints=3 restMaxAngle=0.00deg restTailOffset=0.00cm cruiseTailOffsetX=-1.55cm
[2026.09.27-16.56.12:978][283]LogVrmRepro: Display: VRMREPRO spring=J_Sec_L_CoatSkirtBack_01 joints=3 restMaxAngle=0.00deg restTailOffset=0.00cm cruiseTailOffsetX=-0.01cm
[2026.09.27-16.56.12:978][283]LogVrmRepro: Display: VRMREPRO spring=J_Sec_L_CoatSkirtFront_01 joints=3 restMaxAngle=0.00deg restTailOffset=0.00cm cruiseTailOffsetX=-0.01cm
[2026.09.27-16.56.12:978][283]LogVrmRepro: Display: VRMREPRO spring=J_Sec_L_CoatSkirtSide1_01 joints=4 restMaxAngle=0.00deg restTailOffset=0.00cm cruiseTailOffsetX=-0.91cm
[2026.09.27-16.56.12:978][283]LogVrmRepro: Display: VRMREPRO spring=J_Sec_R_CoatSkirtBack_01 joints=3 restMaxAngle=0.00deg restTailOffset=0.00cm cruiseTailOffsetX=-0.01cm
[2026.09.27-16.56.12:978][283]LogVrmRepro: Display: VRMREPRO spring=J_Sec_R_CoatSkirtFront_01 joints=3 restMaxAngle=0.00deg restTailOffset=0.00cm cruiseTailOffsetX=-0.00cm
[2026.09.27-16.56.12:978][283]LogVrmRepro: Display: VRMREPRO spring=J_Sec_R_CoatSkirtSide1_01 joints=4 restMaxAngle=0.00deg restTailOffset=0.00cm cruiseTailOffsetX=-0.62cm
[2026.09.27-16.56.12:978][283]LogVrmRepro: Display: VRMREPRO spring=J_Sec_L_SkirtBack1_01 joints=4 restMaxAngle=0.00deg restTailOffset=0.00cm cruiseTailOffsetX=-8.32cm
[2026.09.27-16.56.12:978][283]LogVrmRepro: Display: VRMREPRO spring=J_Sec_L_SkirtFront1_01 joints=4 restMaxAngle=0.00deg restTailOffset=0.00cm cruiseTailOffsetX=-8.65cm
[2026.09.27-16.56.12:978][283]LogVrmRepro: Display: VRMREPRO spring=J_Sec_L_SkirtSide1_01 joints=4 restMaxAngle=0.00deg restTailOffset=0.00cm cruiseTailOffsetX=-8.02cm
[2026.09.27-16.56.12:978][283]LogVrmRepro: Display: VRMREPRO spring=J_Sec_R_SkirtBack1_01 joints=4 restMaxAngle=0.00deg restTailOffset=0.00cm cruiseTailOffsetX=-7.14cm
[2026.09.27-16.56.12:978][283]LogVrmRepro: Display: VRMREPRO spring=J_Sec_R_SkirtFront1_01 joints=4 restMaxAngle=0.00deg restTailOffset=0.00cm cruiseTailOffsetX=-7.69cm
[2026.09.27-16.56.12:978][283]LogVrmRepro: Display: VRMREPRO spring=J_Sec_R_SkirtSide1_01 joints=4 restMaxAngle=0.00deg restTailOffset=0.00cm cruiseTailOffsetX=-6.49cm
[2026.09.27-16.56.12:978][283]LogVrmRepro: Display: VRMREPRO spring=J_Sec_L_SkirtBack1_02 joints=4 restMaxAngle=0.00deg restTailOffset=0.00cm cruiseTailOffsetX=-8.32cm
[2026.09.27-16.56.12:978][283]LogVrmRepro: Display: VRMREPRO spring=J_Sec_L_SkirtFront1_02 joints=4 restMaxAngle=0.00deg restTailOffset=0.00cm cruiseTailOffsetX=-8.65cm
[2026.09.27-16.56.12:979][283]LogVrmRepro: Display: VRMREPRO spring=J_Sec_L_SkirtSide1_02 joints=4 restMaxAngle=0.00deg restTailOffset=0.00cm cruiseTailOffsetX=-8.02cm
[2026.09.27-16.56.12:979][283]LogVrmRepro: Display: VRMREPRO spring=J_Sec_R_SkirtBack1_02 joints=4 restMaxAngle=0.00deg restTailOffset=0.00cm cruiseTailOffsetX=-7.14cm
[2026.09.27-16.56.12:979][283]LogVrmRepro: Display: VRMREPRO spring=J_Sec_R_SkirtFront1_02 joints=4 restMaxAngle=0.00deg restTailOffset=0.00cm cruiseTailOffsetX=-7.69cm
[2026.09.27-16.56.12:979][283]LogVrmRepro: Display: VRMREPRO spring=J_Sec_R_SkirtSide1_02 joints=4 restMaxAngle=0.00deg restTailOffset=0.00cm cruiseTailOffsetX=-6.49cm
[2026.09.27-16.56.12:979][283]LogVrmRepro: Display: VRMREPRO spring=J_Sec_L_CoatSkirtBack_02 joints=3 restMaxAngle=0.00deg restTailOffset=0.00cm cruiseTailOffsetX=-0.01cm
[2026.09.27-16.56.12:979][283]LogVrmRepro: Display: VRMREPRO spring=J_Sec_L_CoatSkirtFront_02 joints=3 restMaxAngle=0.00deg restTailOffset=0.00cm cruiseTailOffsetX=-0.01cm
[2026.09.27-16.56.12:979][283]LogVrmRepro: Display: VRMREPRO spring=J_Sec_L_CoatSkirtSide1_02 joints=4 restMaxAngle=0.00deg restTailOffset=0.00cm cruiseTailOffsetX=-0.91cm
[2026.09.27-16.56.12:979][283]LogVrmRepro: Display: VRMREPRO spring=J_Sec_R_CoatSkirtBack_02 joints=3 restMaxAngle=0.00deg restTailOffset=0.00cm cruiseTailOffsetX=-0.01cm
[2026.09.27-16.56.12:979][283]LogVrmRepro: Display: VRMREPRO spring=J_Sec_R_CoatSkirtFront_02 joints=3 restMaxAngle=0.00deg restTailOffset=0.00cm cruiseTailOffsetX=-0.00cm
[2026.09.27-16.56.12:979][283]LogVrmRepro: Display: VRMREPRO spring=J_Sec_R_CoatSkirtSide1_02 joints=4 restMaxAngle=0.00deg restTailOffset=0.00cm cruiseTailOffsetX=-0.62cm
[2026.09.27-16.56.12:979][283]LogVrmRepro: Display: VRMREPRO spring=J_Sec_L_SkirtBack1_03 joints=4 restMaxAngle=0.00deg restTailOffset=0.00cm cruiseTailOffsetX=-8.32cm
[2026.09.27-16.56.12:979][283]LogVrmRepro: Display: VRMREPRO spring=J_Sec_L_SkirtFront1_03 joints=4 restMaxAngle=0.00deg restTailOffset=0.00cm cruiseTailOffsetX=-8.65cm
[2026.09.27-16.56.12:979][283]LogVrmRepro: Display: VRMREPRO spring=J_Sec_L_SkirtSide1_03 joints=4 restMaxAngle=0.00deg restTailOffset=0.00cm cruiseTailOffsetX=-8.02cm
[2026.09.27-16.56.12:979][283]LogVrmRepro: Display: VRMREPRO spring=J_Sec_R_SkirtBack1_03 joints=4 restMaxAngle=0.00deg restTailOffset=0.00cm cruiseTailOffsetX=-7.14cm
[2026.09.27-16.56.12:979][283]LogVrmRepro: Display: VRMREPRO spring=J_Sec_R_SkirtFront1_03 joints=4 restMaxAngle=0.00deg restTailOffset=0.00cm cruiseTailOffsetX=-7.69cm
[2026.09.27-16.56.12:979][283]LogVrmRepro: Display: VRMREPRO spring=J_Sec_R_SkirtSide1_03 joints=4 restMaxAngle=0.00deg restTailOffset=0.00cm cruiseTailOffsetX=-6.49cm
[2026.09.27-16.56.12:979][283]LogVrmRepro: Display: VRMREPRO spring=J_Opt_L_RabbitEar2_01 joints=3 restMaxAngle=0.00deg restTailOffset=0.00cm cruiseTailOffsetX=-19.23cm
[2026.09.27-16.56.12:979][283]LogVrmRepro: Display: VRMREPRO spring=J_Opt_R_RabbitEar2_01 joints=3 restMaxAngle=0.00deg restTailOffset=0.00cm cruiseTailOffsetX=-13.44cm
[2026.09.27-16.56.12:979][283]LogVrmRepro: Display: VRMREPRO spring=J_Opt_C_RabbitTail1_01 joints=4 restMaxAngle=0.00deg restTailOffset=0.00cm cruiseTailOffsetX=-25.05cm
[2026.09.27-16.56.12:979][283]LogVrmRepro: Display: VRMREPRO spring=J_Sec_Hair1_01 joints=4 restMaxAngle=0.00deg restTailOffset=0.00cm cruiseTailOffsetX=-17.40cm
[2026.09.27-16.56.12:979][283]LogVrmRepro: Display: VRMREPRO spring=J_Sec_Hair1_02 joints=4 restMaxAngle=0.00deg restTailOffset=0.00cm cruiseTailOffsetX=-12.45cm
[2026.09.27-16.56.12:979][283]LogVrmRepro: Display: VRMREPRO spring=J_Sec_Hair1_03 joints=4 restMaxAngle=0.00deg restTailOffset=0.00cm cruiseTailOffsetX=-13.01cm
[2026.09.27-16.56.12:979][283]LogVrmRepro: Display: VRMREPRO spring=J_Sec_Hair1_04 joints=4 restMaxAngle=0.00deg restTailOffset=0.00cm cruiseTailOffsetX=-12.77cm
[2026.09.27-16.56.12:979][283]LogVrmRepro: Display: VRMREPRO spring=J_Sec_Hair1_05 joints=4 restMaxAngle=0.00deg restTailOffset=0.00cm cruiseTailOffsetX=-14.56cm
[2026.09.27-16.56.12:979][283]LogVrmRepro: Display: VRMREPRO spring=J_Sec_Hair1_06 joints=5 restMaxAngle=0.00deg restTailOffset=0.00cm cruiseTailOffsetX=-8.55cm
[2026.09.27-16.56.12:979][283]LogVrmRepro: Display: VRMREPRO spring=J_Sec_Hair1_07 joints=5 restMaxAngle=0.00deg restTailOffset=0.00cm cruiseTailOffsetX=-27.45cm
[2026.09.27-16.56.12:979][283]LogVrmRepro: Display: VRMREPRO spring=J_Sec_Hair1_08 joints=5 restMaxAngle=0.00deg restTailOffset=0.00cm cruiseTailOffsetX=-28.38cm
[2026.09.27-16.56.12:979][283]LogVrmRepro: Display: VRMREPRO spring=J_Sec_Hair1_09 joints=5 restMaxAngle=0.00deg restTailOffset=0.00cm cruiseTailOffsetX=-30.67cm
[2026.09.27-16.56.12:979][283]LogVrmRepro: Display: VRMREPRO spring=J_Sec_Hair1_10 joints=5 restMaxAngle=0.00deg restTailOffset=0.00cm cruiseTailOffsetX=-38.66cm
[2026.09.27-16.56.12:979][283]LogVrmRepro: Display: VRMREPRO result {
[2026.09.27-16.56.13:103][284]LogMac: === Critical error: ===
---- crash context ----
[2026.09.27-16.56.13:103][284]LogMac: === Critical error: ===
SIGSEGV: invalid attempt to access memory at address 0x60

[2026.09.27-16.56.13:103][284]LogMac: 0x119876a0 libUnrealEditor-UnrealEd.dylib!UAssetEditorSubsystem::FindEditorsForAssetAndSubObjects(UObject*)   [UnknownFile]) 
0x11982a38 libUnrealEditor-UnrealEd.dylib!UAssetEditorSubsystem::CloseAllEditorsForAsset(UObject*)   [UnknownFile]) 
0x11660d64 libUnrealEditor-UnrealEd.dylib!UEditorEngine::EndPlayMap()   [UnknownFile]) 
0x108aadd0 libUnrealEditor-UnrealEd.dylib!FAssetEditorViewportLayout::~FAssetEditorViewportLayout()   [UnknownFile]) 
0x20d1be88 libUnrealEditor-LevelEditor.dylib!FLevelViewportLayout::~FLevelViewportLayout()   [UnknownFile]) 
0x20d1bec8 libUnrealEditor-LevelEditor.dylib!FLevelViewportLayout::~FLevelViewportLayout()   [UnknownFile]) 
0x20c59678 libUnrealEditor-LevelEditor.dylib!SharedPointerInternals::TReferenceControllerBase<(ESPMode)1>::ReleaseSharedReferenceNoInline(SharedPointerInternals::TReferenceControllerBase<(ESPMode)1>*)   [UnknownFile]) 
0x20d402a8 libUnrealEditor-LevelEditor.dylib!FViewportTabContent::~FViewportTabContent()   [UnknownFile]) 
0x20d20b38 libUnrealEditor-LevelEditor.dylib!FLevelViewportTabContent::~FLevelViewportTabContent()   [UnknownFile]) 
0x1083b9b4 libUnrealEditor-UnrealEd.dylib!SharedPointerInternals::TReferenceControllerBase<(ESPMode)1>::ReleaseSharedReferenceNoInline(SharedPointerInternals::TReferenceControllerBase<(ESPMode)1>*)   [UnknownFile]) 
0x1090280c libUnrealEditor-UnrealEd.dylib!SharedPointerInternals::TIntrusiveReferenceController<SAssetEditorViewportsOverlay, (ESPMode)1>::DestroyObject()   [UnknownFile]) 
0x09b27668 libUnrealEditor-SlateCore.dylib!SharedPointerInternals::TReferenceControllerBase<(ESPMode)1>::ReleaseSharedReferenceNoInline(SharedPointerInternals::TReferenceControllerBase<(ESPMode)1>*)   [UnknownFile]) 
0x09c0d0c8 libUnrealEditor-SlateCore.dylib!FSlotBase::~FSlotBase()   [UnknownFile]) 
0x09d233ec libUnrealEditor-SlateCore.dylib!SCompoundWidget::~SCompoundWidget()   [UnknownFile]) 
0x09b27668 libUnrealEditor-SlateCore.dylib!SharedPointerInternals::TReferenceControllerBase<(ESPMode)1>::ReleaseSharedReferenceNoInline(SharedPointerInternals::TReferenceControllerBase<(ESPMode)1>*)   [UnknownFile]) 
0x09c0d0c8 libUnrealEditor-SlateCore.dylib!FSlotBase::~FSlotBase()   [UnknownFile]) 
0x09d50728 libUnrealEditor-SlateCore.dylib!SOverlay::FOverlaySlot::~FOverlaySlot()   [UnknownFile]) 
0x09d412fc libUnrealEditor-SlateCore.dylib!void DestructItems<TUniquePtr<SOverlay::FOverlaySlot, TDefaultDelete<SOverlay::FOverlaySlot>>, int>(TUniquePtr<SOverlay::FOverlaySlot, TDefaultDelete<SOverlay::FOverlaySlot>>*, int)   [UnknownFile]) 
0x09d24370 libUnrealEditor-SlateCore.dylib!SOverlay::~SOverlay()   [UnknownFile]) 
0x09b27668 libUnrealEditor-SlateCore.dylib!SharedPointerInternals::TReferenceControllerBase<(ESPMode)1>::ReleaseSharedReferenceNoInline(SharedPointerInternals::TReferenceControllerBase<(ESPMode)1>*)   [UnknownFile]) 
0x09c0d0c8 libUnrealEditor-SlateCore.dylib!FSlotBase::~FSlotBase()   [UnknownFile]) 
0x090922a8 libUnrealEditor-Slate.dylib!SVerticalBox::FSlot::~FSlot()   [UnknownFile]) 
0x09d403dc libUnrealEditor-SlateCore.dylib!void DestructItems<TUniquePtr<SBoxPanel::FSlot, TDefaultDelete<SBoxPanel::FSlot>>, int>(TUniquePtr<SBoxPanel::FSlot, TDefaultDelete<SBoxPanel::FSlot>>*, int)   [UnknownFile]) 
0x09d1e5c4 libUnrealEditor-SlateCore.dylib!SBoxPanel::~SBoxPanel()   [UnknownFile]) 
0x09b27668 libUnrealEditor-SlateCore.dylib!SharedPointerInternals::TReferenceControllerBase<(ESPMode)1>::ReleaseSharedReferenceNoInline(SharedPointerInternals::TReferenceControllerBase<(ESPMode)1>*)   [UnknownFile]) 
0x09c0d0c8 libUnrealEditor-SlateCore.dylib!FSlotBase::~FSlotBase()   [UnknownFile]) 
0x09d233ec libUnrealEditor-SlateCore.dylib!SCompoundWidget::~SCompoundWidget()   [UnknownFile]) 
0x09b27668 libUnrealEditor-SlateCore.dylib!SharedPointerInternals::TReferenceControllerBase<(ESPMode)1>::ReleaseSharedReferenceNoInline(SharedPointerInternals::TReferenceControllerBase<(ESPMode)1>*)   [UnknownFile]) 
0x09c0d0c8 libUnrealEditor-SlateCore.dylib!FSlotBase::~FSlotBase()   [UnknownFile]) 
0x0934881c libUnrealEditor-Slate.dylib!SSplitter::FSlot::~FSlot()   [UnknownFile]) 
0x090bc4d4 libUnrealEditor-Slate.dylib!void DestructItems<TUniquePtr<SSplitter::FSlot, TDefaultDelete<SSplitter::FSlot>>, int>(TUniquePtr<SSplitter::FSlot, TDefaultDelete<SSplitter::FSlot>>*, int)   [UnknownFile]) 
0x090bc468 libUnrealEditor-Slate.dylib!SharedPointerInternals::TIntrusiveReferenceController<SSplitter, (ESPMode)1>::DestroyObject()   [UnknownFile]) 
0x09b27668 libUnrealEditor-SlateCore.dylib!SharedPointerInternals::TReferenceControllerBase<(ESPMode)1>::ReleaseSharedReferenceNoInline(SharedPointerInternals::TReferenceControllerBase<(ESPMode)1>*)   [UnknownFile]) 
0x09c0d0c8 libUnrealEditor-SlateCore.dylib!FSlotBase::~FSlotBase()   [UnknownFile]) 
0x09d233ec libUnrealEditor-SlateCore.dylib!SCompoundWidget::~SCompoundWidget()   [UnknownFile]) 
0x09b27668 libUnrealEditor-SlateCore.dylib!SharedPointerInternals::TReferenceControllerBase<(ESPMode)1>::ReleaseSharedReferenceNoInline(SharedPointerInternals::TReferenceControllerBase<(ESPMode)1>*)   [UnknownFile]) 
0x09c0d0c8 libUnrealEditor-SlateCore.dylib!FSlotBase::~FSlotBase()   [UnknownFile]) 
