[2026.09.27-16.33.01:293][ 29]LogVrmRepro: Display: VRMREPRO load begin Seed-san.vrm (10917800 bytes)
[2026.09.27-16.33.01:862][ 29]LogVrmRepro: Display: VRMREPRO load end ok=1 seconds=0.570
[2026.09.27-16.33.01:863][ 29]LogVrmRepro: Display: VRMREPRO result {
[2026.09.27-16.33.01:940][ 30]LogMac: === Critical error: ===
---- crash context ----
[2026.09.27-16.33.01:940][ 30]LogMac: === Critical error: ===
SIGSEGV: invalid attempt to access memory at address 0x60

[2026.09.27-16.33.01:940][ 30]LogMac: 0x0fceb6a0 libUnrealEditor-UnrealEd.dylib!UAssetEditorSubsystem::FindEditorsForAssetAndSubObjects(UObject*)   [UnknownFile]) 
0x0fce6a38 libUnrealEditor-UnrealEd.dylib!UAssetEditorSubsystem::CloseAllEditorsForAsset(UObject*)   [UnknownFile]) 
0x0f9c4d64 libUnrealEditor-UnrealEd.dylib!UEditorEngine::EndPlayMap()   [UnknownFile]) 
0x0ec0edd0 libUnrealEditor-UnrealEd.dylib!FAssetEditorViewportLayout::~FAssetEditorViewportLayout()   [UnknownFile]) 
0x1f17be88 libUnrealEditor-LevelEditor.dylib!FLevelViewportLayout::~FLevelViewportLayout()   [UnknownFile]) 
0x1f17bec8 libUnrealEditor-LevelEditor.dylib!FLevelViewportLayout::~FLevelViewportLayout()   [UnknownFile]) 
0x1f0b9678 libUnrealEditor-LevelEditor.dylib!SharedPointerInternals::TReferenceControllerBase<(ESPMode)1>::ReleaseSharedReferenceNoInline(SharedPointerInternals::TReferenceControllerBase<(ESPMode)1>*)   [UnknownFile]) 
0x1f1a02a8 libUnrealEditor-LevelEditor.dylib!FViewportTabContent::~FViewportTabContent()   [UnknownFile]) 
0x1f180b38 libUnrealEditor-LevelEditor.dylib!FLevelViewportTabContent::~FLevelViewportTabContent()   [UnknownFile]) 
0x0eb9f9b4 libUnrealEditor-UnrealEd.dylib!SharedPointerInternals::TReferenceControllerBase<(ESPMode)1>::ReleaseSharedReferenceNoInline(SharedPointerInternals::TReferenceControllerBase<(ESPMode)1>*)   [UnknownFile]) 
0x0ec6680c libUnrealEditor-UnrealEd.dylib!SharedPointerInternals::TIntrusiveReferenceController<SAssetEditorViewportsOverlay, (ESPMode)1>::DestroyObject()   [UnknownFile]) 
0x07e8b668 libUnrealEditor-SlateCore.dylib!SharedPointerInternals::TReferenceControllerBase<(ESPMode)1>::ReleaseSharedReferenceNoInline(SharedPointerInternals::TReferenceControllerBase<(ESPMode)1>*)   [UnknownFile]) 
0x07f710c8 libUnrealEditor-SlateCore.dylib!FSlotBase::~FSlotBase()   [UnknownFile]) 
0x080873ec libUnrealEditor-SlateCore.dylib!SCompoundWidget::~SCompoundWidget()   [UnknownFile]) 
0x07e8b668 libUnrealEditor-SlateCore.dylib!SharedPointerInternals::TReferenceControllerBase<(ESPMode)1>::ReleaseSharedReferenceNoInline(SharedPointerInternals::TReferenceControllerBase<(ESPMode)1>*)   [UnknownFile]) 
0x07f710c8 libUnrealEditor-SlateCore.dylib!FSlotBase::~FSlotBase()   [UnknownFile]) 
0x080b4728 libUnrealEditor-SlateCore.dylib!SOverlay::FOverlaySlot::~FOverlaySlot()   [UnknownFile]) 
0x080a52fc libUnrealEditor-SlateCore.dylib!void DestructItems<TUniquePtr<SOverlay::FOverlaySlot, TDefaultDelete<SOverlay::FOverlaySlot>>, int>(TUniquePtr<SOverlay::FOverlaySlot, TDefaultDelete<SOverlay::FOverlaySlot>>*, int)   [UnknownFile]) 
0x08088370 libUnrealEditor-SlateCore.dylib!SOverlay::~SOverlay()   [UnknownFile]) 
0x07e8b668 libUnrealEditor-SlateCore.dylib!SharedPointerInternals::TReferenceControllerBase<(ESPMode)1>::ReleaseSharedReferenceNoInline(SharedPointerInternals::TReferenceControllerBase<(ESPMode)1>*)   [UnknownFile]) 
0x07f710c8 libUnrealEditor-SlateCore.dylib!FSlotBase::~FSlotBase()   [UnknownFile]) 
0x073f62a8 libUnrealEditor-Slate.dylib!SVerticalBox::FSlot::~FSlot()   [UnknownFile]) 
0x080a43dc libUnrealEditor-SlateCore.dylib!void DestructItems<TUniquePtr<SBoxPanel::FSlot, TDefaultDelete<SBoxPanel::FSlot>>, int>(TUniquePtr<SBoxPanel::FSlot, TDefaultDelete<SBoxPanel::FSlot>>*, int)   [UnknownFile]) 
0x080825c4 libUnrealEditor-SlateCore.dylib!SBoxPanel::~SBoxPanel()   [UnknownFile]) 
0x07e8b668 libUnrealEditor-SlateCore.dylib!SharedPointerInternals::TReferenceControllerBase<(ESPMode)1>::ReleaseSharedReferenceNoInline(SharedPointerInternals::TReferenceControllerBase<(ESPMode)1>*)   [UnknownFile]) 
0x07f710c8 libUnrealEditor-SlateCore.dylib!FSlotBase::~FSlotBase()   [UnknownFile]) 
0x080873ec libUnrealEditor-SlateCore.dylib!SCompoundWidget::~SCompoundWidget()   [UnknownFile]) 
0x07e8b668 libUnrealEditor-SlateCore.dylib!SharedPointerInternals::TReferenceControllerBase<(ESPMode)1>::ReleaseSharedReferenceNoInline(SharedPointerInternals::TReferenceControllerBase<(ESPMode)1>*)   [UnknownFile]) 
0x07f710c8 libUnrealEditor-SlateCore.dylib!FSlotBase::~FSlotBase()   [UnknownFile]) 
0x076ac81c libUnrealEditor-Slate.dylib!SSplitter::FSlot::~FSlot()   [UnknownFile]) 
0x074204d4 libUnrealEditor-Slate.dylib!void DestructItems<TUniquePtr<SSplitter::FSlot, TDefaultDelete<SSplitter::FSlot>>, int>(TUniquePtr<SSplitter::FSlot, TDefaultDelete<SSplitter::FSlot>>*, int)   [UnknownFile]) 
0x07420468 libUnrealEditor-Slate.dylib!SharedPointerInternals::TIntrusiveReferenceController<SSplitter, (ESPMode)1>::DestroyObject()   [UnknownFile]) 
0x07e8b668 libUnrealEditor-SlateCore.dylib!SharedPointerInternals::TReferenceControllerBase<(ESPMode)1>::ReleaseSharedReferenceNoInline(SharedPointerInternals::TReferenceControllerBase<(ESPMode)1>*)   [UnknownFile]) 
0x07f710c8 libUnrealEditor-SlateCore.dylib!FSlotBase::~FSlotBase()   [UnknownFile]) 
0x080873ec libUnrealEditor-SlateCore.dylib!SCompoundWidget::~SCompoundWidget()   [UnknownFile]) 
0x07e8b668 libUnrealEditor-SlateCore.dylib!SharedPointerInternals::TReferenceControllerBase<(ESPMode)1>::ReleaseSharedReferenceNoInline(SharedPointerInternals::TReferenceControllerBase<(ESPMode)1>*)   [UnknownFile]) 
0x07f710c8 libUnrealEditor-SlateCore.dylib!FSlotBase::~FSlotBase()   [UnknownFile]) 
