[2026.09.27-16.32.28:447][ 35]LogVrmRepro: Display: VRMREPRO load begin Seed-san.vrm (10917800 bytes)
[2026.09.27-16.32.29:007][ 35]LogVrmRepro: Display: VRMREPRO load end ok=1 seconds=0.561
[2026.09.27-16.32.29:008][ 35]LogVrmRepro: Display: VRMREPRO result {
[2026.09.27-16.32.29:077][ 36]LogMac: === Critical error: ===
---- crash context ----
[2026.09.27-16.32.29:077][ 36]LogMac: === Critical error: ===
SIGSEGV: invalid attempt to access memory at address 0x60

[2026.09.27-16.32.29:077][ 36]LogMac: 0x0f7f36a0 libUnrealEditor-UnrealEd.dylib!UAssetEditorSubsystem::FindEditorsForAssetAndSubObjects(UObject*)   [UnknownFile]) 
0x0f7eea38 libUnrealEditor-UnrealEd.dylib!UAssetEditorSubsystem::CloseAllEditorsForAsset(UObject*)   [UnknownFile]) 
0x0f4ccd64 libUnrealEditor-UnrealEd.dylib!UEditorEngine::EndPlayMap()   [UnknownFile]) 
0x0e716dd0 libUnrealEditor-UnrealEd.dylib!FAssetEditorViewportLayout::~FAssetEditorViewportLayout()   [UnknownFile]) 
0x1ec83e88 libUnrealEditor-LevelEditor.dylib!FLevelViewportLayout::~FLevelViewportLayout()   [UnknownFile]) 
0x1ec83ec8 libUnrealEditor-LevelEditor.dylib!FLevelViewportLayout::~FLevelViewportLayout()   [UnknownFile]) 
0x1ebc1678 libUnrealEditor-LevelEditor.dylib!SharedPointerInternals::TReferenceControllerBase<(ESPMode)1>::ReleaseSharedReferenceNoInline(SharedPointerInternals::TReferenceControllerBase<(ESPMode)1>*)   [UnknownFile]) 
0x1eca82a8 libUnrealEditor-LevelEditor.dylib!FViewportTabContent::~FViewportTabContent()   [UnknownFile]) 
0x1ec88b38 libUnrealEditor-LevelEditor.dylib!FLevelViewportTabContent::~FLevelViewportTabContent()   [UnknownFile]) 
0x0e6a79b4 libUnrealEditor-UnrealEd.dylib!SharedPointerInternals::TReferenceControllerBase<(ESPMode)1>::ReleaseSharedReferenceNoInline(SharedPointerInternals::TReferenceControllerBase<(ESPMode)1>*)   [UnknownFile]) 
0x0e76e80c libUnrealEditor-UnrealEd.dylib!SharedPointerInternals::TIntrusiveReferenceController<SAssetEditorViewportsOverlay, (ESPMode)1>::DestroyObject()   [UnknownFile]) 
0x07993668 libUnrealEditor-SlateCore.dylib!SharedPointerInternals::TReferenceControllerBase<(ESPMode)1>::ReleaseSharedReferenceNoInline(SharedPointerInternals::TReferenceControllerBase<(ESPMode)1>*)   [UnknownFile]) 
0x07a790c8 libUnrealEditor-SlateCore.dylib!FSlotBase::~FSlotBase()   [UnknownFile]) 
0x07b8f3ec libUnrealEditor-SlateCore.dylib!SCompoundWidget::~SCompoundWidget()   [UnknownFile]) 
0x07993668 libUnrealEditor-SlateCore.dylib!SharedPointerInternals::TReferenceControllerBase<(ESPMode)1>::ReleaseSharedReferenceNoInline(SharedPointerInternals::TReferenceControllerBase<(ESPMode)1>*)   [UnknownFile]) 
0x07a790c8 libUnrealEditor-SlateCore.dylib!FSlotBase::~FSlotBase()   [UnknownFile]) 
0x07bbc728 libUnrealEditor-SlateCore.dylib!SOverlay::FOverlaySlot::~FOverlaySlot()   [UnknownFile]) 
0x07bad2fc libUnrealEditor-SlateCore.dylib!void DestructItems<TUniquePtr<SOverlay::FOverlaySlot, TDefaultDelete<SOverlay::FOverlaySlot>>, int>(TUniquePtr<SOverlay::FOverlaySlot, TDefaultDelete<SOverlay::FOverlaySlot>>*, int)   [UnknownFile]) 
0x07b90370 libUnrealEditor-SlateCore.dylib!SOverlay::~SOverlay()   [UnknownFile]) 
0x07993668 libUnrealEditor-SlateCore.dylib!SharedPointerInternals::TReferenceControllerBase<(ESPMode)1>::ReleaseSharedReferenceNoInline(SharedPointerInternals::TReferenceControllerBase<(ESPMode)1>*)   [UnknownFile]) 
0x07a790c8 libUnrealEditor-SlateCore.dylib!FSlotBase::~FSlotBase()   [UnknownFile]) 
0x06efe2a8 libUnrealEditor-Slate.dylib!SVerticalBox::FSlot::~FSlot()   [UnknownFile]) 
0x07bac3dc libUnrealEditor-SlateCore.dylib!void DestructItems<TUniquePtr<SBoxPanel::FSlot, TDefaultDelete<SBoxPanel::FSlot>>, int>(TUniquePtr<SBoxPanel::FSlot, TDefaultDelete<SBoxPanel::FSlot>>*, int)   [UnknownFile]) 
0x07b8a5c4 libUnrealEditor-SlateCore.dylib!SBoxPanel::~SBoxPanel()   [UnknownFile]) 
0x07993668 libUnrealEditor-SlateCore.dylib!SharedPointerInternals::TReferenceControllerBase<(ESPMode)1>::ReleaseSharedReferenceNoInline(SharedPointerInternals::TReferenceControllerBase<(ESPMode)1>*)   [UnknownFile]) 
0x07a790c8 libUnrealEditor-SlateCore.dylib!FSlotBase::~FSlotBase()   [UnknownFile]) 
0x07b8f3ec libUnrealEditor-SlateCore.dylib!SCompoundWidget::~SCompoundWidget()   [UnknownFile]) 
0x07993668 libUnrealEditor-SlateCore.dylib!SharedPointerInternals::TReferenceControllerBase<(ESPMode)1>::ReleaseSharedReferenceNoInline(SharedPointerInternals::TReferenceControllerBase<(ESPMode)1>*)   [UnknownFile]) 
0x07a790c8 libUnrealEditor-SlateCore.dylib!FSlotBase::~FSlotBase()   [UnknownFile]) 
0x071b481c libUnrealEditor-Slate.dylib!SSplitter::FSlot::~FSlot()   [UnknownFile]) 
0x06f284d4 libUnrealEditor-Slate.dylib!void DestructItems<TUniquePtr<SSplitter::FSlot, TDefaultDelete<SSplitter::FSlot>>, int>(TUniquePtr<SSplitter::FSlot, TDefaultDelete<SSplitter::FSlot>>*, int)   [UnknownFile]) 
0x06f28468 libUnrealEditor-Slate.dylib!SharedPointerInternals::TIntrusiveReferenceController<SSplitter, (ESPMode)1>::DestroyObject()   [UnknownFile]) 
0x07993668 libUnrealEditor-SlateCore.dylib!SharedPointerInternals::TReferenceControllerBase<(ESPMode)1>::ReleaseSharedReferenceNoInline(SharedPointerInternals::TReferenceControllerBase<(ESPMode)1>*)   [UnknownFile]) 
0x07a790c8 libUnrealEditor-SlateCore.dylib!FSlotBase::~FSlotBase()   [UnknownFile]) 
0x07b8f3ec libUnrealEditor-SlateCore.dylib!SCompoundWidget::~SCompoundWidget()   [UnknownFile]) 
0x07993668 libUnrealEditor-SlateCore.dylib!SharedPointerInternals::TReferenceControllerBase<(ESPMode)1>::ReleaseSharedReferenceNoInline(SharedPointerInternals::TReferenceControllerBase<(ESPMode)1>*)   [UnknownFile]) 
0x07a790c8 libUnrealEditor-SlateCore.dylib!FSlotBase::~FSlotBase()   [UnknownFile]) 
