[2026.09.27-16.30.19:602][ 34]LogVrmRepro: Display: VRMREPRO load begin Seed-san.vrm (10917800 bytes)
[2026.09.27-16.30.20:196][ 34]LogVrmRepro: Display: VRMREPRO load end ok=1 seconds=0.594
[2026.09.27-16.30.23:237][201]LogVrmRepro: Display: VRMREPRO result {
[2026.09.27-16.30.23:359][202]LogMac: === Critical error: ===
---- crash context ----
[2026.09.27-16.30.23:359][202]LogMac: === Critical error: ===
SIGSEGV: invalid attempt to access memory at address 0x60

[2026.09.27-16.30.23:359][202]LogMac: 0x101576a0 libUnrealEditor-UnrealEd.dylib!UAssetEditorSubsystem::FindEditorsForAssetAndSubObjects(UObject*)   [UnknownFile]) 
0x10152a38 libUnrealEditor-UnrealEd.dylib!UAssetEditorSubsystem::CloseAllEditorsForAsset(UObject*)   [UnknownFile]) 
0x0fe30d64 libUnrealEditor-UnrealEd.dylib!UEditorEngine::EndPlayMap()   [UnknownFile]) 
0x0f07add0 libUnrealEditor-UnrealEd.dylib!FAssetEditorViewportLayout::~FAssetEditorViewportLayout()   [UnknownFile]) 
0x1f6ebe88 libUnrealEditor-LevelEditor.dylib!FLevelViewportLayout::~FLevelViewportLayout()   [UnknownFile]) 
0x1f6ebec8 libUnrealEditor-LevelEditor.dylib!FLevelViewportLayout::~FLevelViewportLayout()   [UnknownFile]) 
0x1f629678 libUnrealEditor-LevelEditor.dylib!SharedPointerInternals::TReferenceControllerBase<(ESPMode)1>::ReleaseSharedReferenceNoInline(SharedPointerInternals::TReferenceControllerBase<(ESPMode)1>*)   [UnknownFile]) 
0x1f7102a8 libUnrealEditor-LevelEditor.dylib!FViewportTabContent::~FViewportTabContent()   [UnknownFile]) 
0x1f6f0b38 libUnrealEditor-LevelEditor.dylib!FLevelViewportTabContent::~FLevelViewportTabContent()   [UnknownFile]) 
0x0f00b9b4 libUnrealEditor-UnrealEd.dylib!SharedPointerInternals::TReferenceControllerBase<(ESPMode)1>::ReleaseSharedReferenceNoInline(SharedPointerInternals::TReferenceControllerBase<(ESPMode)1>*)   [UnknownFile]) 
0x0f0d280c libUnrealEditor-UnrealEd.dylib!SharedPointerInternals::TIntrusiveReferenceController<SAssetEditorViewportsOverlay, (ESPMode)1>::DestroyObject()   [UnknownFile]) 
0x082f7668 libUnrealEditor-SlateCore.dylib!SharedPointerInternals::TReferenceControllerBase<(ESPMode)1>::ReleaseSharedReferenceNoInline(SharedPointerInternals::TReferenceControllerBase<(ESPMode)1>*)   [UnknownFile]) 
0x083dd0c8 libUnrealEditor-SlateCore.dylib!FSlotBase::~FSlotBase()   [UnknownFile]) 
0x084f33ec libUnrealEditor-SlateCore.dylib!SCompoundWidget::~SCompoundWidget()   [UnknownFile]) 
0x082f7668 libUnrealEditor-SlateCore.dylib!SharedPointerInternals::TReferenceControllerBase<(ESPMode)1>::ReleaseSharedReferenceNoInline(SharedPointerInternals::TReferenceControllerBase<(ESPMode)1>*)   [UnknownFile]) 
0x083dd0c8 libUnrealEditor-SlateCore.dylib!FSlotBase::~FSlotBase()   [UnknownFile]) 
0x08520728 libUnrealEditor-SlateCore.dylib!SOverlay::FOverlaySlot::~FOverlaySlot()   [UnknownFile]) 
0x085112fc libUnrealEditor-SlateCore.dylib!void DestructItems<TUniquePtr<SOverlay::FOverlaySlot, TDefaultDelete<SOverlay::FOverlaySlot>>, int>(TUniquePtr<SOverlay::FOverlaySlot, TDefaultDelete<SOverlay::FOverlaySlot>>*, int)   [UnknownFile]) 
0x084f4370 libUnrealEditor-SlateCore.dylib!SOverlay::~SOverlay()   [UnknownFile]) 
0x082f7668 libUnrealEditor-SlateCore.dylib!SharedPointerInternals::TReferenceControllerBase<(ESPMode)1>::ReleaseSharedReferenceNoInline(SharedPointerInternals::TReferenceControllerBase<(ESPMode)1>*)   [UnknownFile]) 
0x083dd0c8 libUnrealEditor-SlateCore.dylib!FSlotBase::~FSlotBase()   [UnknownFile]) 
0x078622a8 libUnrealEditor-Slate.dylib!SVerticalBox::FSlot::~FSlot()   [UnknownFile]) 
0x085103dc libUnrealEditor-SlateCore.dylib!void DestructItems<TUniquePtr<SBoxPanel::FSlot, TDefaultDelete<SBoxPanel::FSlot>>, int>(TUniquePtr<SBoxPanel::FSlot, TDefaultDelete<SBoxPanel::FSlot>>*, int)   [UnknownFile]) 
0x084ee5c4 libUnrealEditor-SlateCore.dylib!SBoxPanel::~SBoxPanel()   [UnknownFile]) 
0x082f7668 libUnrealEditor-SlateCore.dylib!SharedPointerInternals::TReferenceControllerBase<(ESPMode)1>::ReleaseSharedReferenceNoInline(SharedPointerInternals::TReferenceControllerBase<(ESPMode)1>*)   [UnknownFile]) 
0x083dd0c8 libUnrealEditor-SlateCore.dylib!FSlotBase::~FSlotBase()   [UnknownFile]) 
0x084f33ec libUnrealEditor-SlateCore.dylib!SCompoundWidget::~SCompoundWidget()   [UnknownFile]) 
0x082f7668 libUnrealEditor-SlateCore.dylib!SharedPointerInternals::TReferenceControllerBase<(ESPMode)1>::ReleaseSharedReferenceNoInline(SharedPointerInternals::TReferenceControllerBase<(ESPMode)1>*)   [UnknownFile]) 
0x083dd0c8 libUnrealEditor-SlateCore.dylib!FSlotBase::~FSlotBase()   [UnknownFile]) 
0x07b1881c libUnrealEditor-Slate.dylib!SSplitter::FSlot::~FSlot()   [UnknownFile]) 
0x0788c4d4 libUnrealEditor-Slate.dylib!void DestructItems<TUniquePtr<SSplitter::FSlot, TDefaultDelete<SSplitter::FSlot>>, int>(TUniquePtr<SSplitter::FSlot, TDefaultDelete<SSplitter::FSlot>>*, int)   [UnknownFile]) 
0x0788c468 libUnrealEditor-Slate.dylib!SharedPointerInternals::TIntrusiveReferenceController<SSplitter, (ESPMode)1>::DestroyObject()   [UnknownFile]) 
0x082f7668 libUnrealEditor-SlateCore.dylib!SharedPointerInternals::TReferenceControllerBase<(ESPMode)1>::ReleaseSharedReferenceNoInline(SharedPointerInternals::TReferenceControllerBase<(ESPMode)1>*)   [UnknownFile]) 
0x083dd0c8 libUnrealEditor-SlateCore.dylib!FSlotBase::~FSlotBase()   [UnknownFile]) 
0x084f33ec libUnrealEditor-SlateCore.dylib!SCompoundWidget::~SCompoundWidget()   [UnknownFile]) 
0x082f7668 libUnrealEditor-SlateCore.dylib!SharedPointerInternals::TReferenceControllerBase<(ESPMode)1>::ReleaseSharedReferenceNoInline(SharedPointerInternals::TReferenceControllerBase<(ESPMode)1>*)   [UnknownFile]) 
0x083dd0c8 libUnrealEditor-SlateCore.dylib!FSlotBase::~FSlotBase()   [UnknownFile]) 
