[2026.09.27-16.33.17:591][ 34]LogVrmRepro: Display: VRMREPRO load begin Seed-san.vrm (10917800 bytes)
[2026.09.27-16.33.18:158][ 34]LogVrmRepro: Display: VRMREPRO load end ok=1 seconds=0.567
[2026.09.27-16.33.21:194][201]LogVrmRepro: Display: VRMREPRO result {
[2026.09.27-16.33.21:317][202]LogMac: === Critical error: ===
---- crash context ----
[2026.09.27-16.33.21:317][202]LogMac: === Critical error: ===
SIGSEGV: invalid attempt to access memory at address 0x60

[2026.09.27-16.33.21:317][202]LogMac: 0x13d976a0 libUnrealEditor-UnrealEd.dylib!UAssetEditorSubsystem::FindEditorsForAssetAndSubObjects(UObject*)   [UnknownFile]) 
0x13d92a38 libUnrealEditor-UnrealEd.dylib!UAssetEditorSubsystem::CloseAllEditorsForAsset(UObject*)   [UnknownFile]) 
0x13a70d64 libUnrealEditor-UnrealEd.dylib!UEditorEngine::EndPlayMap()   [UnknownFile]) 
0x12cbadd0 libUnrealEditor-UnrealEd.dylib!FAssetEditorViewportLayout::~FAssetEditorViewportLayout()   [UnknownFile]) 
0x2312be88 libUnrealEditor-LevelEditor.dylib!FLevelViewportLayout::~FLevelViewportLayout()   [UnknownFile]) 
0x2312bec8 libUnrealEditor-LevelEditor.dylib!FLevelViewportLayout::~FLevelViewportLayout()   [UnknownFile]) 
0x23069678 libUnrealEditor-LevelEditor.dylib!SharedPointerInternals::TReferenceControllerBase<(ESPMode)1>::ReleaseSharedReferenceNoInline(SharedPointerInternals::TReferenceControllerBase<(ESPMode)1>*)   [UnknownFile]) 
0x231502a8 libUnrealEditor-LevelEditor.dylib!FViewportTabContent::~FViewportTabContent()   [UnknownFile]) 
0x23130b38 libUnrealEditor-LevelEditor.dylib!FLevelViewportTabContent::~FLevelViewportTabContent()   [UnknownFile]) 
0x12c4b9b4 libUnrealEditor-UnrealEd.dylib!SharedPointerInternals::TReferenceControllerBase<(ESPMode)1>::ReleaseSharedReferenceNoInline(SharedPointerInternals::TReferenceControllerBase<(ESPMode)1>*)   [UnknownFile]) 
0x12d1280c libUnrealEditor-UnrealEd.dylib!SharedPointerInternals::TIntrusiveReferenceController<SAssetEditorViewportsOverlay, (ESPMode)1>::DestroyObject()   [UnknownFile]) 
0x0bf37668 libUnrealEditor-SlateCore.dylib!SharedPointerInternals::TReferenceControllerBase<(ESPMode)1>::ReleaseSharedReferenceNoInline(SharedPointerInternals::TReferenceControllerBase<(ESPMode)1>*)   [UnknownFile]) 
0x0c01d0c8 libUnrealEditor-SlateCore.dylib!FSlotBase::~FSlotBase()   [UnknownFile]) 
0x0c1333ec libUnrealEditor-SlateCore.dylib!SCompoundWidget::~SCompoundWidget()   [UnknownFile]) 
0x0bf37668 libUnrealEditor-SlateCore.dylib!SharedPointerInternals::TReferenceControllerBase<(ESPMode)1>::ReleaseSharedReferenceNoInline(SharedPointerInternals::TReferenceControllerBase<(ESPMode)1>*)   [UnknownFile]) 
0x0c01d0c8 libUnrealEditor-SlateCore.dylib!FSlotBase::~FSlotBase()   [UnknownFile]) 
0x0c160728 libUnrealEditor-SlateCore.dylib!SOverlay::FOverlaySlot::~FOverlaySlot()   [UnknownFile]) 
0x0c1512fc libUnrealEditor-SlateCore.dylib!void DestructItems<TUniquePtr<SOverlay::FOverlaySlot, TDefaultDelete<SOverlay::FOverlaySlot>>, int>(TUniquePtr<SOverlay::FOverlaySlot, TDefaultDelete<SOverlay::FOverlaySlot>>*, int)   [UnknownFile]) 
0x0c134370 libUnrealEditor-SlateCore.dylib!SOverlay::~SOverlay()   [UnknownFile]) 
0x0bf37668 libUnrealEditor-SlateCore.dylib!SharedPointerInternals::TReferenceControllerBase<(ESPMode)1>::ReleaseSharedReferenceNoInline(SharedPointerInternals::TReferenceControllerBase<(ESPMode)1>*)   [UnknownFile]) 
0x0c01d0c8 libUnrealEditor-SlateCore.dylib!FSlotBase::~FSlotBase()   [UnknownFile]) 
0x0b4a22a8 libUnrealEditor-Slate.dylib!SVerticalBox::FSlot::~FSlot()   [UnknownFile]) 
0x0c1503dc libUnrealEditor-SlateCore.dylib!void DestructItems<TUniquePtr<SBoxPanel::FSlot, TDefaultDelete<SBoxPanel::FSlot>>, int>(TUniquePtr<SBoxPanel::FSlot, TDefaultDelete<SBoxPanel::FSlot>>*, int)   [UnknownFile]) 
0x0c12e5c4 libUnrealEditor-SlateCore.dylib!SBoxPanel::~SBoxPanel()   [UnknownFile]) 
0x0bf37668 libUnrealEditor-SlateCore.dylib!SharedPointerInternals::TReferenceControllerBase<(ESPMode)1>::ReleaseSharedReferenceNoInline(SharedPointerInternals::TReferenceControllerBase<(ESPMode)1>*)   [UnknownFile]) 
0x0c01d0c8 libUnrealEditor-SlateCore.dylib!FSlotBase::~FSlotBase()   [UnknownFile]) 
0x0c1333ec libUnrealEditor-SlateCore.dylib!SCompoundWidget::~SCompoundWidget()   [UnknownFile]) 
0x0bf37668 libUnrealEditor-SlateCore.dylib!SharedPointerInternals::TReferenceControllerBase<(ESPMode)1>::ReleaseSharedReferenceNoInline(SharedPointerInternals::TReferenceControllerBase<(ESPMode)1>*)   [UnknownFile]) 
0x0c01d0c8 libUnrealEditor-SlateCore.dylib!FSlotBase::~FSlotBase()   [UnknownFile]) 
0x0b75881c libUnrealEditor-Slate.dylib!SSplitter::FSlot::~FSlot()   [UnknownFile]) 
0x0b4cc4d4 libUnrealEditor-Slate.dylib!void DestructItems<TUniquePtr<SSplitter::FSlot, TDefaultDelete<SSplitter::FSlot>>, int>(TUniquePtr<SSplitter::FSlot, TDefaultDelete<SSplitter::FSlot>>*, int)   [UnknownFile]) 
0x0b4cc468 libUnrealEditor-Slate.dylib!SharedPointerInternals::TIntrusiveReferenceController<SSplitter, (ESPMode)1>::DestroyObject()   [UnknownFile]) 
0x0bf37668 libUnrealEditor-SlateCore.dylib!SharedPointerInternals::TReferenceControllerBase<(ESPMode)1>::ReleaseSharedReferenceNoInline(SharedPointerInternals::TReferenceControllerBase<(ESPMode)1>*)   [UnknownFile]) 
0x0c01d0c8 libUnrealEditor-SlateCore.dylib!FSlotBase::~FSlotBase()   [UnknownFile]) 
0x0c1333ec libUnrealEditor-SlateCore.dylib!SCompoundWidget::~SCompoundWidget()   [UnknownFile]) 
0x0bf37668 libUnrealEditor-SlateCore.dylib!SharedPointerInternals::TReferenceControllerBase<(ESPMode)1>::ReleaseSharedReferenceNoInline(SharedPointerInternals::TReferenceControllerBase<(ESPMode)1>*)   [UnknownFile]) 
0x0c01d0c8 libUnrealEditor-SlateCore.dylib!FSlotBase::~FSlotBase()   [UnknownFile]) 
