Setting up bundled DotNet SDK
<UE_ROOT>/Engine/Binaries/ThirdParty/DotNet/10.0/mac-arm64
Running dotnet Engine/Binaries/DotNET/UnrealBuildTool/UnrealBuildTool.dll PlateauProbeEditor Mac Development -Project=<PROBE_ROOT>/BaselineProject/PlateauProbe.uproject -architecture=arm64 -NoHotReload -NoUBA -NoUBALocal -log=<PROBE_ROOT>/build-baseline.log
Log file: <PROBE_ROOT>/build-baseline.log
Determining max actions to execute in parallel (16 physical cores, 16 logical cores)
  Executing up to 16 processes, one per physical core
Creating makefile for PlateauProbeEditor (no existing makefile)
UbaSessionServer - Disable remote execution (remote sessions will finish current processes)
Compiling with Mac SDK 27.0, minimum Target OS version 14.00
UHT compiled-in object format Default
Building PlateauProbeEditor...
===== Toolchain Information =====
Using Clang compiler 21.1.6 (/Applications/Xcode.app/Contents/Developer/Toolchains/XcodeDefault.xctoolchain/usr/bin/clang++)
  Apple clang version 21.0.0 (clang-2100.3.34.2) Target: arm64-apple-darwin27.0.0 Thread model: posix InstalledDir: /Applications/Xcode.app/Contents/Developer/Toolchains/XcodeDefault.xctoolchain/usr/bin
Using Clang archiver (/Applications/Xcode.app/Contents/Developer/Toolchains/XcodeDefault.xctoolchain/usr/bin/libtool)
  Apple clang version 21.0.0 (clang-2100.3.34.2) Target: arm64-apple-darwin27.0.0 Thread model: posix InstalledDir: /Applications/Xcode.app/Contents/Developer/Toolchains/XcodeDefault.xctoolchain/usr/bin
=================================
Using Unreal Build Accelerator local executor to run 5 action(s)
  CPU 16 physical cores, 16 logical cores
  Memory 128 GB physical, 92.82 GB/128 GB committed
  UBA Storage capacity 40 GB
[1/5] Compile [Apple] SharedPCH.UnrealEd.Project.ValApi.ValExpApi.Cpp20.h [NoUba]
[2/5] Compile [Apple] PlateauProbe.cpp [NoUba]
[3/5] Compile [Apple] PerModuleInline.gen.cpp [NoUba]
[4/5] Link [Apple] libUnrealEditor-PlateauProbe.dylib [NoUba]
[5/5] WriteMetadata PlateauProbeEditor.target [NoUba]

Total time in Unreal Build Accelerator local executor: 13.43 seconds
Output binary: <UE_ROOT>/Engine/Binaries/Mac/UnrealEditor
Deploying PlateauProbeEditor Mac Development...
Deploying now!

Result: Succeeded
Total execution time: 18.83 seconds
Trace written to file <HOME>/Library/Application Support/Epic/UnrealBuildTool/Trace.uba with size 4.3kb
